Microchip MPLAB XC8 Compiler V2.41

Linker command line:

-W-3 \
  --edf=C:/Users/damie/.mchp_packs/Microchip/PIC18F-Q_DFP/1.19.401/xc8\pic\dat\20230621192048_en.msgs \
  -cn -h+dist/default/debug\CellBalancingTest.X.debug.sym \
  --cmf=dist/default/debug\CellBalancingTest.X.debug.cmf -z -Q18F15Q40 \
  -oC:\Users\damie\AppData\Local\Temp\xcBs43o.1\driver_tmp_3.o \
  --defsym=__MPLAB_BUILD=1 --fixupoverflow=error \
  -Mdist/default/debug/CellBalancingTest.X.debug.map \
  --md=C:\Users\damie\AppData\Local\Temp\xcBs43o.1\driver_tmp_0.dat -E1 \
  -ver=XC8 Compiler --acfsm=1493 -ACODE=00h-07FFFh -ACONST=00h-07FFFh \
  -ASMALLCONST=0E00h-0EFFhx114 -AMEDIUMCONST=0E00h-07FFFh \
  -ACOMRAM=0501h-055Fh -AABS1=0500h-0CFFh -ABIGRAM=0501h-0CFFh \
  -ARAM=0560h-05FFh,0600h-06FFhx7 -ABANK5=0560h-05FFh -ABANK6=0600h-06FFh \
  -ABANK7=0700h-07FFh -ABANK8=0800h-08FFh -ABANK9=0900h-09FFh \
  -ABANK10=0A00h-0AFFh -ABANK11=0B00h-0BFFh -ABANK12=0C00h-0CFFh \
  -ASFR=00h-0FFhx4,0400h-045Fh,0460h-04FFh,0D00h-0DFFh \
  -ABIGSFR=00h-04FFh,0D00h-0DFFh -ACONFIG=0300000h-0300011h \
  -AIDLOC=0200000h-020003Fh -AEEDATA=0380000h-03801FFh -peeprom_data=EEDATA \
  -preset_vec=00h -ppowerup=CODE,init -pramtop=0E00h \
  -psmallconst=SMALLCONST -pmediumconst=MEDIUMCONST -pconst=CONST \
  -AFARRAM=00h-00h \
  -prdata=COMRAM,nvrram=COMRAM,nvbit=COMRAM,rbss=COMRAM,rbit=COMRAM \
  -pfarbss=FARRAM,fardata=FARRAM,nvFARRAM=FARRAM \
  -pintsave_regs=BIGRAM,bigbss=BIGRAM,bigdata=BIGRAM -pbss=RAM \
  -pidata=CODE,irdata=CODE,ibigdata=CODE,ifardata=CODE -prparam=COMRAM \
  C:\Users\damie\AppData\Local\Temp\xcBs43o.1\driver_tmp_14.o \
  dist/default/debug\CellBalancingTest.X.debug.o 

Object code version is 3.11

Machine type is 18F15Q40



                Name                               Link     Load   Length Selector   Space Scale
C:\Users\damie\AppData\Local\Temp\xcBs43o.1\driver_tmp_14.o
                init                               7FFC     7FFC        4     3FFE       0
                reset_vec                             0        0        4        0       0
dist/default/debug\CellBalancingTest.X.debug.o
                smallconst                          E00      E00       30      700       0
                text33                             38BC     38BC       46      718       0
                text32                             398A     398A       44      718       0
                text31                             36E4     36E4       56      718       0
                text30                             297A     297A      1B4      718       0
                text29                             3684     3684       60      718       0
                text28                             2B2E     2B2E      1AE      718       0
                text27                             3946     3946       44      718       0
                text26                             3242     3242       C4      718       0
                text25                             33C8     33C8       B0      718       0
                text24                             3A0E     3A0E       40      718       0
                text23                             3A8A     3A8A        2      718       0
                text22                             3178     3178       CA      718       0
                text21                             3902     3902       44      718       0
                text20                             35A4     35A4       7A      718       0
                text19                             2CDC     2CDC      194      718       0
                text18                             2114     2114      39A      718       0
                text17                             3478     3478       AA      718       0
                text16                             2F76     2F76      104      718       0
                text15                             1CEA     1CEA      42A      718       0
                text14                             3A4E     3A4E       38      718       0
                text13                             182A     182A      4C0      718       0
                text12                             3876     3876       46      718       0
                text11                             2E70     2E70      106      718       0
                text10                             307A     307A       FE      718       0
                text9                              2768     2768      212      718       0
                text8                              361E     361E       66      718       0
                text7                              37DA     37DA       50      718       0
                text6                              39CE     39CE       40      718       0
                text5                               E30      E30      9FA      718       0
                text4                              24AE     24AE      2BA      718       0
                text3                              378A     378A       50      718       0
                text2                              373A     373A       50      718       0
                text1                              3306     3306       C2      718       0
                text0                              3522     3522       82      718       0
                cstackCOMRAM                        501      501       58      501       1
                cstackBANK5                         560      560       7C      560       1
                bssBANK6                            600      600       50      600       1
                dataBANK5                           5F0      5F0        4      560       1
                bssBANK5                            5DC      5DC       14      560       1
                bssCOMRAM                           559      559        5      501       1
                cinit                              382A     382A       4C      718       0
                idataBANK5                         3A86     3A86        4      718       0

TOTAL           Name                               Link     Load   Length     Space
        CLASS   CODE           
                init                               7FFC     7FFC        4         0
                reset_vec                             0        0        4         0
                text33                             38BC     38BC       46         0
                text32                             398A     398A       44         0
                text31                             36E4     36E4       56         0
                text30                             297A     297A      1B4         0
                text29                             3684     3684       60         0
                text28                             2B2E     2B2E      1AE         0
                text27                             3946     3946       44         0
                text26                             3242     3242       C4         0
                text25                             33C8     33C8       B0         0
                text24                             3A0E     3A0E       40         0
                text23                             3A8A     3A8A        2         0
                text22                             3178     3178       CA         0
                text21                             3902     3902       44         0
                text20                             35A4     35A4       7A         0
                text19                             2CDC     2CDC      194         0
                text18                             2114     2114      39A         0
                text17                             3478     3478       AA         0
                text16                             2F76     2F76      104         0
                text15                             1CEA     1CEA      42A         0
                text14                             3A4E     3A4E       38         0
                text13                             182A     182A      4C0         0
                text12                             3876     3876       46         0
                text11                             2E70     2E70      106         0
                text10                             307A     307A       FE         0
                text9                              2768     2768      212         0
                text8                              361E     361E       66         0
                text7                              37DA     37DA       50         0
                text6                              39CE     39CE       40         0
                text5                               E30      E30      9FA         0
                text4                              24AE     24AE      2BA         0
                text3                              378A     378A       50         0
                text2                              373A     373A       50         0
                text1                              3306     3306       C2         0
                text0                              3522     3522       82         0
                cinit                              382A     382A       4C         0
                idataBANK5                         3A86     3A86        4         0

        CLASS   CONST          

        CLASS   SMALLCONST     
                smallconst                          E00      E00       30         0

        CLASS   MEDIUMCONST    

        CLASS   COMRAM         
                cstackCOMRAM                        501      501       58         1
                bssCOMRAM                           559      559        5         1

        CLASS   ABS1           

        CLASS   BIGRAM         

        CLASS   RAM            

        CLASS   BANK5          
                cstackBANK5                         560      560       7C         1
                dataBANK5                           5F0      5F0        4         1
                bssBANK5                            5DC      5DC       14         1

        CLASS   BANK6          
                bssBANK6                            600      600       50         1

        CLASS   BANK7          

        CLASS   BANK8          

        CLASS   BANK9          

        CLASS   BANK10         

        CLASS   BANK11         

        CLASS   BANK12         

        CLASS   SFR            

        CLASS   BIGSFR         

        CLASS   CONFIG         

        CLASS   IDLOC          

        CLASS   EEDATA         

        CLASS   FARRAM         

        CLASS   HEAP           

        CLASS   STACK          



SEGMENTS        Name                           Load    Length   Top    Selector   Space  Class

                reset_vec                      000000  000004  000004         0       0  CODE    
                cstackCOMRAM                   000501  00005D  00055E       501       1  COMRAM  
                cstackBANK5                    000560  000094  0005F4       560       1  BANK5   
                bssBANK6                       000600  000050  000650       600       1  BANK6   
                smallconst                     000E00  000030  000E30       700       0  SMALLCON
                text5                          000E30  002C5C  003A8C       718       0  CODE    
                init                           007FFC  000004  008000      3FFE       0  CODE    


UNUSED ADDRESS RANGES

        Name                Unused          Largest block    Delta
        BANK10           0A00-0AFF            100
        BANK11           0B00-0BFF            100
        BANK12           0C00-0CFF            100
        BANK5            05F4-05FF              C
        BANK6            0650-06FF             B0
        BANK7            0700-07FF            100
        BANK8            0800-08FF            100
        BANK9            0900-09FF            100
        BIGRAM           055E-055F              2
                         05F4-05FF              C
                         0650-0CFF            6B0
        BIGSFR           0000-04FF            500
                         0D00-0DFF            100
        CODE             0004-0DFF            DFC
                         3A8C-7FFB           4570
        COMRAM           055E-055F              2
        CONFIG           300000-300011             12
        CONST            0004-0DFF            DFC
                         3A8C-7FFB           4570
        EEDATA           380000-3801FF            200
        IDLOC            200000-20003F             40
        MEDIUMCONST      3A8C-7FFB           4570
        RAM              05F4-05FF              C
                         0650-0CFF            100
        SFR              0000-04FF            100
                         0D00-0DFF            100
        SMALLCONST       3A8C-7FFB            100

                                  Symbol Table

?_ADCread                   cstackCOMRAM 0501
?___awdiv                   cstackCOMRAM 0501
?___awmod                   cstackCOMRAM 0501
?___fladd                   cstackCOMRAM 0501
?___fldiv                   cstackCOMRAM 0501
?___flmul                   cstackCOMRAM 0501
?___flneg                   cstackCOMRAM 0501
?___flsub                   cstackCOMRAM 051A
?___fltol                   cstackCOMRAM 0501
?___fpclassifyf             cstackCOMRAM 0501
?___xxtofl                  cstackCOMRAM 0501
?_abs                       cstackCOMRAM 0507
?_floorf                    cstackCOMRAM 051A
?_labs                      cstackCOMRAM 0501
?_sprintf                   cstackBANK5  0592
?_vfprintf                  cstackBANK5  058C
ADCread@channel             cstackCOMRAM 0501
ADCread@result              cstackCOMRAM 0505
ADCread@resultHigh          cstackCOMRAM 0503
ADCread@resultLow           cstackCOMRAM 0504
TX@data                     cstackCOMRAM 0501
TX@timeout                  cstackCOMRAM 0502
_ADACQ                      (abs)        03EE
_ADCON0bits                 (abs)        03F3
_ADCread                    text29       3684
_ADCsetup                   text33       38BC
_ADPCH                      (abs)        03EC
_ADREFbits                  (abs)        03F8
_ADRESH                     (abs)        03EB
_ADRESL                     (abs)        03EA
_ANSELB                     (abs)        0408
_ANSELC                     (abs)        0410
_ANSELCbits                 (abs)        0410
_FVRCONbits                 (abs)        03D7
_INTCON0bits                (abs)        04D6
_IPR4bits                   (abs)        036B
_OSCCON1bits                (abs)        00AD
_OSCFREQ                    (abs)        00B1
_PIE4bits                   (abs)        04AC
_PIR4bits                   (abs)        04B7
_PWM1CLK                    (abs)        0461
_PWM1CONbits                (abs)        0469
_PWM1CPRE                   (abs)        0465
_PWM1ERS                    (abs)        0460
_PWM1GIE                    (abs)        0468
_PWM1PR                     (abs)        0463
_PWM1S1CFGbits              (abs)        046A
_PWM1S1P1                   (abs)        046B
_PWM1S1P2                   (abs)        046D
_PWMsetup                   text32       398A
_RB4PPS                     (abs)        020D
_RB5PPS                     (abs)        020E
_RB6PPS                     (abs)        020F
_RC0PPS                     (abs)        0211
_RC2PPS                     (abs)        0213
_TRISB                      (abs)        04C7
_TRISBbits                  (abs)        04C7
_TRISC                      (abs)        04C8
_TRISCbits                  (abs)        04C8
_TX                         text27       3946
_U1BRGH                     (abs)        02AF
_U1BRGL                     (abs)        02AE
_U1CON0bits                 (abs)        02AB
_U1CON1bits                 (abs)        02AC
_U1CON2bits                 (abs)        02AD
_U1FIFObits                 (abs)        02B0
_U1RXB                      (abs)        02A1
_U1RXPPS                    (abs)        0272
_U1TXB                      (abs)        02A3
_UARTsetup                  text31       36E4
_Vcell                      bssBANK5     05DC
_Vt                         bssBANK5     05EC
__HRAM                      (abs)        0000
__H__absolute__             __absolute__ 0000
__Habs1                     abs1         0000
__Hbank10                   bank10       0000
__Hbank11                   bank11       0000
__Hbank12                   bank12       0000
__Hbank5                    bank5        0000
__Hbank6                    bank6        0000
__Hbank7                    bank7        0000
__Hbank8                    bank8        0000
__Hbank9                    bank9        0000
__Hbigbss                   bigbss       0000
__Hbigdata                  bigdata      0000
__Hbigram                   bigram       0000
__Hbigsfr                   bigsfr       0000
__Hbss                      bss          0000
__HbssBANK5                 bssBANK5     0000
__HbssBANK6                 bssBANK6     0000
__HbssCOMRAM                bssCOMRAM    0000
__Hcinit                    cinit        0000
__Hclrtext                  clrtext      0000
__Hcomram                   comram       0000
__Hconfig                   config       0000
__Hconst                    const        0000
__HcstackBANK5              cstackBANK5  0000
__HcstackCOMRAM             cstackCOMRAM 0000
__Hdata                     data         0000
__HdataBANK5                dataBANK5    0000
__Heeprom_data              eeprom_data  0000
__Hfarbss                   farbss       0000
__Hfardata                  fardata      0000
__Hheap                     heap         0000
__Hibigdata                 ibigdata     0000
__Hidata                    idata        0000
__HidataBANK5               idataBANK5   0000
__Hidloc                    idloc        0000
__Hifardata                 ifardata     0000
__Hinit                     init         8000
__Hintsave_regs             intsave_regs 0000
__Hirdata                   irdata       0000
__Hmediumconst              mediumconst  0000
__HnvFARRAM                 nvFARRAM     0000
__Hnvbit                    nvbit        0000
__Hnvrram                   nvrram       0000
__Hparam                    rparam       0000
__Hpowerup                  powerup      0000
__Hram                      ram          0000
__Hramtop                   ramtop       0E00
__Hrbit                     rbit         0000
__Hrbss                     rbss         0000
__Hrdata                    rdata        0000
__Hreset_vec                reset_vec    0004
__Hrparam                   rparam       0000
__Hsfr                      sfr          0000
__Hsmallconst               smallconst   0E30
__Hspace_0                  (abs)        8000
__Hspace_1                  (abs)        0650
__Hspace_2                  (abs)        0000
__Hspace_4                  (abs)        0000
__Hstack                    stack        0000
__Hstruct                   struct       0000
__Htemp                     temp         0000
__Htext                     text         0000
__Htext0                    text0        0000
__Htext1                    text1        0000
__Htext10                   text10       0000
__Htext11                   text11       0000
__Htext12                   text12       0000
__Htext13                   text13       0000
__Htext14                   text14       0000
__Htext15                   text15       0000
__Htext16                   text16       0000
__Htext17                   text17       0000
__Htext18                   text18       0000
__Htext19                   text19       0000
__Htext2                    text2        0000
__Htext20                   text20       0000
__Htext21                   text21       0000
__Htext22                   text22       0000
__Htext23                   text23       0000
__Htext24                   text24       0000
__Htext25                   text25       0000
__Htext26                   text26       0000
__Htext27                   text27       0000
__Htext28                   text28       0000
__Htext29                   text29       0000
__Htext3                    text3        0000
__Htext30                   text30       0000
__Htext31                   text31       0000
__Htext32                   text32       0000
__Htext33                   text33       0000
__Htext4                    text4        0000
__Htext5                    text5        0000
__Htext6                    text6        0000
__Htext7                    text7        0000
__Htext8                    text8        0000
__Htext9                    text9        0000
__LRAM                      (abs)        0001
__L__absolute__             __absolute__ 0000
__Labs1                     abs1         0000
__Lbank10                   bank10       0000
__Lbank11                   bank11       0000
__Lbank12                   bank12       0000
__Lbank5                    bank5        0000
__Lbank6                    bank6        0000
__Lbank7                    bank7        0000
__Lbank8                    bank8        0000
__Lbank9                    bank9        0000
__Lbigbss                   bigbss       0000
__Lbigdata                  bigdata      0000
__Lbigram                   bigram       0000
__Lbigsfr                   bigsfr       0000
__Lbss                      bss          0000
__LbssBANK5                 bssBANK5     0000
__LbssBANK6                 bssBANK6     0000
__LbssCOMRAM                bssCOMRAM    0000
__Lcinit                    cinit        0000
__Lclrtext                  clrtext      0000
__Lcomram                   comram       0000
__Lconfig                   config       0000
__Lconst                    const        0000
__LcstackBANK5              cstackBANK5  0000
__LcstackCOMRAM             cstackCOMRAM 0000
__Ldata                     data         0000
__LdataBANK5                dataBANK5    0000
__Leeprom_data              eeprom_data  0000
__Lfarbss                   farbss       0000
__Lfardata                  fardata      0000
__Lheap                     heap         0000
__Libigdata                 ibigdata     0000
__Lidata                    idata        0000
__LidataBANK5               idataBANK5   0000
__Lidloc                    idloc        0000
__Lifardata                 ifardata     0000
__Linit                     init         7FFC
__Lintsave_regs             intsave_regs 0000
__Lirdata                   irdata       0000
__Lmediumconst              mediumconst  0000
__LnvFARRAM                 nvFARRAM     0000
__Lnvbit                    nvbit        0000
__Lnvrram                   nvrram       0000
__Lparam                    rparam       0000
__Lpowerup                  powerup      0000
__Lram                      ram          0000
__Lramtop                   ramtop       0E00
__Lrbit                     rbit         0000
__Lrbss                     rbss         0000
__Lrdata                    rdata        0000
__Lreset_vec                reset_vec    0000
__Lrparam                   rparam       0000
__Lsfr                      sfr          0000
__Lsmallconst               smallconst   0E00
__Lspace_0                  (abs)        0000
__Lspace_1                  (abs)        0000
__Lspace_2                  (abs)        0000
__Lspace_4                  (abs)        0000
__Lstack                    stack        0000
__Lstruct                   struct       0000
__Ltemp                     temp         0000
__Ltext                     text         0000
__Ltext0                    text0        0000
__Ltext1                    text1        0000
__Ltext10                   text10       0000
__Ltext11                   text11       0000
__Ltext12                   text12       0000
__Ltext13                   text13       0000
__Ltext14                   text14       0000
__Ltext15                   text15       0000
__Ltext16                   text16       0000
__Ltext17                   text17       0000
__Ltext18                   text18       0000
__Ltext19                   text19       0000
__Ltext2                    text2        0000
__Ltext20                   text20       0000
__Ltext21                   text21       0000
__Ltext22                   text22       0000
__Ltext23                   text23       0000
__Ltext24                   text24       0000
__Ltext25                   text25       0000
__Ltext26                   text26       0000
__Ltext27                   text27       0000
__Ltext28                   text28       0000
__Ltext29                   text29       0000
__Ltext3                    text3        0000
__Ltext30                   text30       0000
__Ltext31                   text31       0000
__Ltext32                   text32       0000
__Ltext33                   text33       0000
__Ltext4                    text4        0000
__Ltext5                    text5        0000
__Ltext6                    text6        0000
__Ltext7                    text7        0000
__Ltext8                    text8        0000
__Ltext9                    text9        0000
__S0                        (abs)        8000
__S1                        (abs)        0650
__S4                        (abs)        0000
__S5                        (abs)        0000
___awdiv                    text26       3242
___awdiv@counter            cstackCOMRAM 0505
___awdiv@dividend           cstackCOMRAM 0501
___awdiv@divisor            cstackCOMRAM 0503
___awdiv@quotient           cstackCOMRAM 0507
___awdiv@sign               cstackCOMRAM 0506
___awmod                    text25       33C8
___awmod@counter            cstackCOMRAM 0505
___awmod@dividend           cstackCOMRAM 0501
___awmod@divisor            cstackCOMRAM 0503
___awmod@sign               cstackCOMRAM 0506
___fladd                    text13       182A
___fladd@a                  cstackCOMRAM 0505
___fladd@aexp               cstackCOMRAM 050E
___fladd@b                  cstackCOMRAM 0501
___fladd@bexp               cstackCOMRAM 050F
___fladd@grs                cstackCOMRAM 0510
___fladd@signs              cstackCOMRAM 050D
___fldiv                    text18       2114
___fldiv@a                  cstackCOMRAM 0505
___fldiv@aexp               cstackCOMRAM 0519
___fldiv@b                  cstackCOMRAM 0501
___fldiv@bexp               cstackCOMRAM 0518
___fldiv@grs                cstackCOMRAM 0514
___fldiv@new_exp            cstackCOMRAM 0512
___fldiv@rem                cstackCOMRAM 050D
___fldiv@sign               cstackCOMRAM 0511
___fleq                     text17       3478
___fleq@ff1                 cstackCOMRAM 0501
___fleq@ff2                 cstackCOMRAM 0505
___flge                     text16       2F76
___flge@ff1                 cstackCOMRAM 051A
___flge@ff2                 cstackCOMRAM 051E
___flmul                    text15       1CEA
___flmul@a                  cstackCOMRAM 0505
___flmul@aexp               cstackCOMRAM 0512
___flmul@b                  cstackCOMRAM 0501
___flmul@bexp               cstackCOMRAM 0513
___flmul@grs                cstackCOMRAM 050E
___flmul@prod               cstackCOMRAM 0514
___flmul@sign               cstackCOMRAM 050D
___flmul@temp               cstackCOMRAM 0518
___flneg                    text14       3A4E
___flneg@f1                 cstackCOMRAM 0501
___flsub                    text12       3876
___flsub@a                  cstackCOMRAM 051E
___flsub@b                  cstackCOMRAM 051A
___fltol                    text11       2E70
___fltol@exp1               cstackCOMRAM 050A
___fltol@f1                 cstackCOMRAM 0501
___fltol@sign1              cstackCOMRAM 0509
___fpclassifyf              text10       307A
___fpclassifyf@F465         bssBANK5     05E8
___fpclassifyf@e            cstackCOMRAM 0509
___fpclassifyf@u            cstackCOMRAM 050B
___fpclassifyf@x            cstackCOMRAM 0501
___heap_hi                  (abs)        0000
___heap_lo                  (abs)        0000
___inthi_sp                 stack        0000
___intlo_sp                 stack        0000
___param_bank               (abs)        0000
___rparam_used              (abs)        0001
___sp                       stack        0000
___xxtofl                   text30       297A
___xxtofl@arg               cstackCOMRAM 050B
___xxtofl@exp               cstackCOMRAM 050A
___xxtofl@sign              cstackCOMRAM 0509
___xxtofl@val               cstackCOMRAM 0501
__accesstop                 (abs)        0560
__activetblptr              (abs)        0002
__end_of_ADCread            text29       36E4
__end_of_ADCsetup           text33       3902
__end_of_PWMsetup           text32       39CE
__end_of_TX                 text27       398A
__end_of_UARTsetup          text31       373A
__end_of___awdiv            text26       3306
__end_of___awmod            text25       3478
__end_of___fladd            text13       1CEA
__end_of___fldiv            text18       24AE
__end_of___fleq             text17       3522
__end_of___flge             text16       307A
__end_of___flmul            text15       2114
__end_of___flneg            text14       3A86
__end_of___flsub            text12       38BC
__end_of___fltol            text11       2F76
__end_of___fpclassifyf      text10       3178
__end_of___xxtofl           text30       2B2E
__end_of__initialization    cinit        386C
__end_of_abs                text24       3A4E
__end_of_balanceCells       text28       2CDC
__end_of_dtoa               text19       2E70
__end_of_efgtoa             text5        182A
__end_of_floorf             text9        297A
__end_of_fputc              text22       3242
__end_of_fputs              text21       3946
__end_of_labs               text8        3684
__end_of_main               text0        35A4
__end_of_memcpy             text7        382A
__end_of_pad                text20       361E
__end_of_putch              text23       3A8C
__end_of_sendData           text1        33C8
__end_of_sprintf            text2        378A
__end_of_strcpy             text6        3A0E
__end_of_vfpfcnvrt          text4        2768
__end_of_vfprintf           text3        37DA
__initialization            cinit        382A
__mediumconst               mediumconst  0000
__pbssBANK5                 bssBANK5     05DC
__pbssBANK6                 bssBANK6     0600
__pbssCOMRAM                bssCOMRAM    0559
__pcinit                    cinit        382A
__pcstackBANK5              cstackBANK5  0560
__pcstackCOMRAM             cstackCOMRAM 0501
__pdataBANK5                dataBANK5    05F0
__pidataBANK5               idataBANK5   3A86
__psmallconst               smallconst   0E00
__ptext0                    text0        3522
__ptext1                    text1        3306
__ptext10                   text10       307A
__ptext11                   text11       2E70
__ptext12                   text12       3876
__ptext13                   text13       182A
__ptext14                   text14       3A4E
__ptext15                   text15       1CEA
__ptext16                   text16       2F76
__ptext17                   text17       3478
__ptext18                   text18       2114
__ptext19                   text19       2CDC
__ptext2                    text2        373A
__ptext20                   text20       35A4
__ptext21                   text21       3902
__ptext22                   text22       3178
__ptext23                   text23       3A8A
__ptext24                   text24       3A0E
__ptext25                   text25       33C8
__ptext26                   text26       3242
__ptext27                   text27       3946
__ptext28                   text28       2B2E
__ptext29                   text29       3684
__ptext3                    text3        378A
__ptext30                   text30       297A
__ptext31                   text31       36E4
__ptext32                   text32       398A
__ptext33                   text33       38BC
__ptext4                    text4        24AE
__ptext5                    text5        0E30
__ptext6                    text6        39CE
__ptext7                    text7        37DA
__ptext8                    text8        361E
__ptext9                    text9        2768
__ramtop                    ramtop       0E00
__smallconst                smallconst   0E00
_abs                        text24       3A0E
_balanceCells               text28       2B2E
_channel_map                dataBANK5    05F0
_dbuf                       bssBANK6     0600
_dtoa                       text19       2CDC
_dtoa$1318                  cstackCOMRAM 0520
_efgtoa                     text5        0E30
_efgtoa$1349                cstackBANK5  0566
_flags                      bssCOMRAM    055D
_floorf                     text9        2768
_fputc                      text22       3178
_fputs                      text21       3902
_labs                       text8        361E
_main                       text0        3522
_memcpy                     text7        37DA
_pad                        text20       35A4
_prec                       bssCOMRAM    055B
_putch                      text23       3A8A
_sendData                   text1        3306
_sprintf                    text2        373A
_strcpy                     text6        39CE
_vfpfcnvrt                  text4        24AE
_vfprintf                   text3        378A
_width                      bssCOMRAM    0559
abs@a                       cstackCOMRAM 0507
balanceCells@i              cstackCOMRAM 0513
balanceCells@index_max      cstackCOMRAM 050F
balanceCells@index_min      cstackCOMRAM 0510
balanceCells@max            cstackCOMRAM 0509
balanceCells@min            cstackCOMRAM 050B
balanceCells@prev_index_max cstackCOMRAM 050D
balanceCells@prev_index_min cstackCOMRAM 050E
balanceCells@reading        cstackCOMRAM 0511
dtoa@d                      cstackCOMRAM 051E
dtoa@fp                     cstackCOMRAM 051C
dtoa@i                      cstackCOMRAM 0526
dtoa@p                      cstackCOMRAM 0522
dtoa@s                      cstackCOMRAM 0528
dtoa@w                      cstackCOMRAM 0524
efgtoa@c                    cstackCOMRAM 0534
efgtoa@d                    cstackBANK5  056B
efgtoa@e                    cstackBANK5  056F
efgtoa@f                    cstackCOMRAM 0530
efgtoa@fp                   cstackCOMRAM 052E
efgtoa@g                    cstackBANK5  0584
efgtoa@h                    cstackBANK5  0579
efgtoa@i                    cstackBANK5  0577
efgtoa@l                    cstackBANK5  057D
efgtoa@m                    cstackBANK5  056D
efgtoa@mode                 cstackBANK5  0569
efgtoa@n                    cstackBANK5  0582
efgtoa@ne                   cstackBANK5  0560
efgtoa@nmode                cstackBANK5  056A
efgtoa@ou                   cstackBANK5  0573
efgtoa@p                    cstackBANK5  0562
efgtoa@pp                   cstackBANK5  0568
efgtoa@sign                 cstackBANK5  0581
efgtoa@t                    cstackBANK5  0564
efgtoa@u                    cstackBANK5  0588
efgtoa@w                    cstackBANK5  0571
end_of_initialization       cinit        386C
floorf@F526                 bssBANK5     05E4
floorf@e                    cstackCOMRAM 0528
floorf@m                    cstackCOMRAM 0524
floorf@u                    cstackCOMRAM 052A
floorf@x                    cstackCOMRAM 051A
fputc@c                     cstackCOMRAM 0501
fputc@fp                    cstackCOMRAM 0503
fputs@c                     cstackCOMRAM 050E
fputs@fp                    cstackCOMRAM 050C
fputs@i                     cstackCOMRAM 050F
fputs@s                     cstackCOMRAM 050A
intlevel0                   text         0000
intlevel1                   text         0000
intlevel2                   text         0000
intlevel3                   text         0000
isa$std                     (abs)        0001
isa$xinst                   (abs)        0000
labs@a                      cstackCOMRAM 0501
memcpy@d                    cstackCOMRAM 0507
memcpy@d1                   cstackCOMRAM 0501
memcpy@n                    cstackCOMRAM 0505
memcpy@s                    cstackCOMRAM 0509
memcpy@s1                   cstackCOMRAM 0503
memcpy@tmp                  cstackCOMRAM 050B
pad@buf                     cstackCOMRAM 0513
pad@fp                      cstackCOMRAM 0511
pad@i                       cstackCOMRAM 0518
pad@p                       cstackCOMRAM 0515
pad@w                       cstackCOMRAM 051A
sendData@i                  cstackBANK5  05DA
sendData@msg                cstackBANK5  05AA
sprintf@ap                  cstackCOMRAM 0548
sprintf@f                   cstackCOMRAM 054A
sprintf@fmt                 cstackBANK5  0594
sprintf@s                   cstackBANK5  0592
stackhi                     (abs)        0000
stacklo                     (abs)        0000
start                       init         7FFC
start_initialization        cinit        382A
strcpy@d                    cstackCOMRAM 0507
strcpy@dest                 cstackCOMRAM 0501
strcpy@s                    cstackCOMRAM 0505
strcpy@src                  cstackCOMRAM 0503
vfpfcnvrt@ap                cstackCOMRAM 053B
vfpfcnvrt@c                 cstackCOMRAM 0543
vfpfcnvrt@convarg           cstackCOMRAM 053F
vfpfcnvrt@cp                cstackCOMRAM 0544
vfpfcnvrt@fmt               cstackCOMRAM 0539
vfpfcnvrt@fp                cstackCOMRAM 0537
vfprintf@ap                 cstackBANK5  0590
vfprintf@cfmt               cstackCOMRAM 0546
vfprintf@fmt                cstackBANK5  058E
vfprintf@fp                 cstackBANK5  058C


MODULE INFORMATION

Module		Function		Class		Link	Load	Size
C:\Program Files\Microchip\xc8\v2.41\pic\sources\c99\common\__fpclassifyf.c
		___fpclassifyf 		CODE           	307A	0000	254

C:\Program Files\Microchip\xc8\v2.41\pic\sources\c99\common\__fpclassifyf.c estimated size: 254

C:\Program Files\Microchip\xc8\v2.41\pic\sources\c99\common\awmod.c
		___awmod       		CODE           	33C8	0000	176

C:\Program Files\Microchip\xc8\v2.41\pic\sources\c99\common\awmod.c estimated size: 176

C:\Program Files\Microchip\xc8\v2.41\pic\sources\c99\common\floorf.c
		_floorf        		CODE           	2768	0000	530

C:\Program Files\Microchip\xc8\v2.41\pic\sources\c99\common\floorf.c estimated size: 530

C:\Program Files\Microchip\xc8\v2.41\pic\sources\c99\common\flge.c
		___flge        		CODE           	2F76	0000	260

C:\Program Files\Microchip\xc8\v2.41\pic\sources\c99\common\flge.c estimated size: 260

C:\Program Files\Microchip\xc8\v2.41\pic\sources\c99\common\fltol.c
		___fltol       		CODE           	2E70	0000	262

C:\Program Files\Microchip\xc8\v2.41\pic\sources\c99\common\fltol.c estimated size: 262

C:\Program Files\Microchip\xc8\v2.41\pic\sources\c99\common\xxtofl.c
		___xxtofl      		CODE           	297A	0000	436

C:\Program Files\Microchip\xc8\v2.41\pic\sources\c99\common\xxtofl.c estimated size: 436

C:\Program Files\Microchip\xc8\v2.41\pic\sources\c99\common\nf_fputc.c
		_fputc         		CODE           	3178	0000	202

C:\Program Files\Microchip\xc8\v2.41\pic\sources\c99\common\nf_fputc.c estimated size: 202

C:\Program Files\Microchip\xc8\v2.41\pic\sources\c99\common\strcpy.c
		_strcpy        		CODE           	39CE	0000	64

C:\Program Files\Microchip\xc8\v2.41\pic\sources\c99\common\strcpy.c estimated size: 64

C:\Program Files\Microchip\xc8\v2.41\pic\sources\c99\common\nf_sprintf.c
		_sprintf       		CODE           	373A	0000	80

C:\Program Files\Microchip\xc8\v2.41\pic\sources\c99\common\nf_sprintf.c estimated size: 80

C:\Program Files\Microchip\xc8\v2.41\pic\sources\c99\common\sprcadd.c
		___flsub       		CODE           	3876	0000	70
		___fladd       		CODE           	182A	0000	1216

C:\Program Files\Microchip\xc8\v2.41\pic\sources\c99\common\sprcadd.c estimated size: 1286

C:\Program Files\Microchip\xc8\v2.41\pic\sources\c99\common\awdiv.c
		___awdiv       		CODE           	3242	0000	196

C:\Program Files\Microchip\xc8\v2.41\pic\sources\c99\common\awdiv.c estimated size: 196

C:\Program Files\Microchip\xc8\v2.41\pic\sources\c99\common\abs.c
		_abs           		CODE           	3A0E	0000	64

C:\Program Files\Microchip\xc8\v2.41\pic\sources\c99\common\abs.c estimated size: 64

C:\Program Files\Microchip\xc8\v2.41\pic\sources\c99\common\doprnt.c
		_vfpfcnvrt     		CODE           	24AE	0000	698
		_efgtoa        		CODE           	0E30	0000	2554
		_pad           		CODE           	35A4	0000	122
		_dtoa          		CODE           	2CDC	0000	404
		_vfprintf      		CODE           	378A	0000	80

C:\Program Files\Microchip\xc8\v2.41\pic\sources\c99\common\doprnt.c estimated size: 3858

C:\Program Files\Microchip\xc8\v2.41\pic\sources\c99\common\flneg.c
		___flneg       		CODE           	3A4E	0000	56

C:\Program Files\Microchip\xc8\v2.41\pic\sources\c99\common\flneg.c estimated size: 56

C:\Program Files\Microchip\xc8\v2.41\pic\sources\c99\common\fleq.c
		___fleq        		CODE           	3478	0000	170

C:\Program Files\Microchip\xc8\v2.41\pic\sources\c99\common\fleq.c estimated size: 170

shared
		__initialization		CODE           	382A	0000	66

shared estimated size: 66

C:\Program Files\Microchip\xc8\v2.41\pic\sources\c99\common\memcpy.c
		_memcpy        		CODE           	37DA	0000	80

C:\Program Files\Microchip\xc8\v2.41\pic\sources\c99\common\memcpy.c estimated size: 80

C:\Program Files\Microchip\xc8\v2.41\pic\sources\c99\common\putch.c
		_putch         		CODE           	3A8A	0000	2

C:\Program Files\Microchip\xc8\v2.41\pic\sources\c99\common\putch.c estimated size: 2

C:\Program Files\Microchip\xc8\v2.41\pic\sources\c99\common\nf_fputs.c
		_fputs         		CODE           	3902	0000	68

C:\Program Files\Microchip\xc8\v2.41\pic\sources\c99\common\nf_fputs.c estimated size: 68

C:\Program Files\Microchip\xc8\v2.41\pic\sources\c99\common\labs.c
		_labs          		CODE           	361E	0000	102

C:\Program Files\Microchip\xc8\v2.41\pic\sources\c99\common\labs.c estimated size: 102

main.c
		_main          		CODE           	3522	0000	130
		_ADCread       		CODE           	3684	0000	96
		_UARTsetup     		CODE           	36E4	0000	86
		_sendData      		CODE           	3306	0000	194
		_balanceCells  		CODE           	2B2E	0000	430
		_PWMsetup      		CODE           	398A	0000	68
		_ADCsetup      		CODE           	38BC	0000	70
		_TX            		CODE           	3946	0000	68

main.c estimated size: 1142

C:\Program Files\Microchip\xc8\v2.41\pic\sources\c99\common\sprcmul.c
		___flmul       		CODE           	1CEA	0000	1066

C:\Program Files\Microchip\xc8\v2.41\pic\sources\c99\common\sprcmul.c estimated size: 1066

C:\Program Files\Microchip\xc8\v2.41\pic\sources\c99\common\sprcdiv.c
		___fldiv       		CODE           	2114	0000	922

C:\Program Files\Microchip\xc8\v2.41\pic\sources\c99\common\sprcdiv.c estimated size: 922

