Microchip MPLAB XC8 Compiler V2.41

Linker command line:

-W-3 \
  --edf=C:/Users/damie/.mchp_packs/Microchip/PIC18F-Q_DFP/1.19.401/xc8\pic\dat\20230621192048_en.msgs \
  -cn -h+dist/default/production\CellBalancingTest.X.production.sym \
  --cmf=dist/default/production\CellBalancingTest.X.production.cmf -z \
  -Q18F15Q40 -oC:\Users\damie\AppData\Local\Temp\xcBsk0o.1\driver_tmp_3.o \
  --defsym=__MPLAB_BUILD=1 --fixupoverflow=error \
  -Mdist/default/production/CellBalancingTest.X.production.map \
  --md=C:\Users\damie\AppData\Local\Temp\xcBsk0o.1\driver_tmp_0.dat -E1 \
  -ver=XC8 Compiler --acfsm=1493 -ACODE=00h-07FFFh -ACONST=00h-07FFFh \
  -ASMALLCONST=0E00h-0EFFhx114 -AMEDIUMCONST=0E00h-07FFFh \
  -ACOMRAM=0501h-055Fh -AABS1=0500h-0CFFh -ABIGRAM=0501h-0CFFh \
  -ARAM=0560h-05FFh,0600h-06FFhx7 -ABANK5=0560h-05FFh -ABANK6=0600h-06FFh \
  -ABANK7=0700h-07FFh -ABANK8=0800h-08FFh -ABANK9=0900h-09FFh \
  -ABANK10=0A00h-0AFFh -ABANK11=0B00h-0BFFh -ABANK12=0C00h-0CFFh \
  -ASFR=00h-0FFhx4,0400h-045Fh,0460h-04FFh,0D00h-0DFFh \
  -ABIGSFR=00h-04FFh,0D00h-0DFFh -ACONFIG=0300000h-0300011h \
  -AIDLOC=0200000h-020003Fh -AEEDATA=0380000h-03801FFh -peeprom_data=EEDATA \
  -preset_vec=00h -ppowerup=CODE,init -pramtop=0E00h \
  -psmallconst=SMALLCONST -pmediumconst=MEDIUMCONST -pconst=CONST \
  -AFARRAM=00h-00h \
  -prdata=COMRAM,nvrram=COMRAM,nvbit=COMRAM,rbss=COMRAM,rbit=COMRAM \
  -pfarbss=FARRAM,fardata=FARRAM,nvFARRAM=FARRAM \
  -pintsave_regs=BIGRAM,bigbss=BIGRAM,bigdata=BIGRAM -pbss=RAM \
  -pidata=CODE,irdata=CODE,ibigdata=CODE,ifardata=CODE -prparam=COMRAM \
  C:\Users\damie\AppData\Local\Temp\xcBsk0o.1\driver_tmp_14.o \
  dist/default/production\CellBalancingTest.X.production.o 

Object code version is 3.11

Machine type is 18F15Q40



                Name                               Link     Load   Length Selector   Space Scale
C:\Users\damie\AppData\Local\Temp\xcBsk0o.1\driver_tmp_14.o
                init                               7FFC     7FFC        4     3FFE       0
                reset_vec                             0        0        4        0       0
dist/default/production\CellBalancingTest.X.production.o
                smallconst                          E00      E00       2E      700       0
                text33                             38CC     38CC       46      717       0
                text32                             399A     399A       44      717       0
                text31                             373E     373E       56      717       0
                text30                             2978     2978      1B4      717       0
                text29                             36DE     36DE       60      717       0
                text28                             2B2C     2B2C      1AE      717       0
                text27                             3956     3956       44      717       0
                text26                             331E     331E       C4      717       0
                text25                             34A4     34A4       B0      717       0
                text24                             3A60     3A60       40      717       0
                text23                             3ADC     3ADC        2      717       0
                text22                             3254     3254       CA      717       0
                text21                             3912     3912       44      717       0
                text20                             35FE     35FE       7A      717       0
                text19                             2CDA     2CDA      196      717       0
                text18                             2110     2110      39A      717       0
                text17                             3554     3554       AA      717       0
                text16                             2F76     2F76      104      717       0
                text15                             1CE6     1CE6      42A      717       0
                text14                             3AA0     3AA0       38      717       0
                text13                             1826     1826      4C0      717       0
                text12                             3886     3886       46      717       0
                text11                             2E70     2E70      106      717       0
                text10                             307A     307A       FE      717       0
                text9                              2766     2766      212      717       0
                text8                              3678     3678       66      717       0
                text7                              3836     3836       50      717       0
                text6                              3A20     3A20       40      717       0
                text5                               E2E      E2E      9F8      717       0
                text4                              24AA     24AA      2BC      717       0
                text3                              3794     3794       52      717       0
                text2                              37E6     37E6       50      717       0
                text1                              33E2     33E2       C2      717       0
                text0                              3178     3178       DC      717       0
                cstackCOMRAM                        501      501       5F      501       1
                cstackBANK5                         560      560       6A      560       1
                cstackBANK6                         65C      65C       42      600       1
                bssBANK6                            600      600       5C      600       1
                dataBANK5                           5D7      5D7        4      560       1
                bssBANK5                            5CA      5CA        D      560       1
                cinit                              39DE     39DE       42      717       0
                idataBANK5                         3AD8     3AD8        4      717       0

TOTAL           Name                               Link     Load   Length     Space
        CLASS   CODE           
                init                               7FFC     7FFC        4         0
                reset_vec                             0        0        4         0
                text33                             38CC     38CC       46         0
                text32                             399A     399A       44         0
                text31                             373E     373E       56         0
                text30                             2978     2978      1B4         0
                text29                             36DE     36DE       60         0
                text28                             2B2C     2B2C      1AE         0
                text27                             3956     3956       44         0
                text26                             331E     331E       C4         0
                text25                             34A4     34A4       B0         0
                text24                             3A60     3A60       40         0
                text23                             3ADC     3ADC        2         0
                text22                             3254     3254       CA         0
                text21                             3912     3912       44         0
                text20                             35FE     35FE       7A         0
                text19                             2CDA     2CDA      196         0
                text18                             2110     2110      39A         0
                text17                             3554     3554       AA         0
                text16                             2F76     2F76      104         0
                text15                             1CE6     1CE6      42A         0
                text14                             3AA0     3AA0       38         0
                text13                             1826     1826      4C0         0
                text12                             3886     3886       46         0
                text11                             2E70     2E70      106         0
                text10                             307A     307A       FE         0
                text9                              2766     2766      212         0
                text8                              3678     3678       66         0
                text7                              3836     3836       50         0
                text6                              3A20     3A20       40         0
                text5                               E2E      E2E      9F8         0
                text4                              24AA     24AA      2BC         0
                text3                              3794     3794       52         0
                text2                              37E6     37E6       50         0
                text1                              33E2     33E2       C2         0
                text0                              3178     3178       DC         0
                cinit                              39DE     39DE       42         0
                idataBANK5                         3AD8     3AD8        4         0

        CLASS   CONST          

        CLASS   SMALLCONST     
                smallconst                          E00      E00       2E         0

        CLASS   MEDIUMCONST    

        CLASS   COMRAM         
                cstackCOMRAM                        501      501       5F         1

        CLASS   ABS1           

        CLASS   BIGRAM         

        CLASS   RAM            

        CLASS   BANK5          
                cstackBANK5                         560      560       6A         1
                dataBANK5                           5D7      5D7        4         1
                bssBANK5                            5CA      5CA        D         1

        CLASS   BANK6          
                cstackBANK6                         65C      65C       42         1
                bssBANK6                            600      600       5C         1

        CLASS   BANK7          

        CLASS   BANK8          

        CLASS   BANK9          

        CLASS   BANK10         

        CLASS   BANK11         

        CLASS   BANK12         

        CLASS   SFR            

        CLASS   BIGSFR         

        CLASS   CONFIG         

        CLASS   IDLOC          

        CLASS   EEDATA         

        CLASS   FARRAM         

        CLASS   HEAP           

        CLASS   STACK          



SEGMENTS        Name                           Load    Length   Top    Selector   Space  Class

                reset_vec                      000000  000004  000004         0       0  CODE    
                cstackCOMRAM                   000501  00005F  000560       501       1  COMRAM  
                cstackBANK5                    000560  00007B  0005DB       560       1  BANK5   
                bssBANK6                       000600  00009E  00069E       600       1  BANK6   
                smallconst                     000E00  00002E  000E2E       700       0  SMALLCON
                text5                          000E2E  002CB0  003ADE       717       0  CODE    
                init                           007FFC  000004  008000      3FFE       0  CODE    


UNUSED ADDRESS RANGES

        Name                Unused          Largest block    Delta
        BANK10           0A00-0AFF            100
        BANK11           0B00-0BFF            100
        BANK12           0C00-0CFF            100
        BANK5            05DB-05FF             25
        BANK6            069E-06FF             62
        BANK7            0700-07FF            100
        BANK8            0800-08FF            100
        BANK9            0900-09FF            100
        BIGRAM           05DB-05FF             25
                         069E-0CFF            662
        BIGSFR           0000-04FF            500
                         0D00-0DFF            100
        CODE             0004-0DFF            DFC
                         3ADE-7FFB           451E
        CONFIG           300000-300011             12
        CONST            0004-0DFF            DFC
                         3ADE-7FFB           451E
        EEDATA           380000-3801FF            200
        IDLOC            200000-20003F             40
        MEDIUMCONST      3ADE-7FFB           451E
        RAM              05DB-05FF             25
                         069E-0CFF            100
        SFR              0000-04FF            100
                         0D00-0DFF            100
        SMALLCONST       3ADE-7FFB            100

                                  Symbol Table

?_ADCread                   cstackCOMRAM 0501
?___awdiv                   cstackCOMRAM 0501
?___awmod                   cstackCOMRAM 0501
?___fladd                   cstackCOMRAM 0501
?___fldiv                   cstackCOMRAM 0528
?___flmul                   cstackCOMRAM 050F
?___flneg                   cstackCOMRAM 0501
?___flsub                   cstackCOMRAM 0528
?___fltol                   cstackCOMRAM 0501
?___fpclassifyf             cstackCOMRAM 0501
?___xxtofl                  cstackCOMRAM 0501
?_abs                       cstackCOMRAM 0507
?_floorf                    cstackCOMRAM 0541
?_labs                      cstackCOMRAM 0501
?_sprintf                   cstackBANK5  05A1
?_vfprintf                  cstackBANK5  0599
ADCread@channel             cstackCOMRAM 0501
ADCread@result              cstackCOMRAM 0505
ADCread@resultHigh          cstackCOMRAM 0503
ADCread@resultLow           cstackCOMRAM 0504
TX@data                     cstackCOMRAM 0501
TX@timeout                  cstackCOMRAM 0502
_ADACQ                      (abs)        03EE
_ADCON0bits                 (abs)        03F3
_ADCread                    text29       36DE
_ADCsetup                   text33       38CC
_ADPCH                      (abs)        03EC
_ADREFbits                  (abs)        03F8
_ADRESH                     (abs)        03EB
_ADRESL                     (abs)        03EA
_ANSELB                     (abs)        0408
_ANSELC                     (abs)        0410
_ANSELCbits                 (abs)        0410
_FVRCONbits                 (abs)        03D7
_INTCON0bits                (abs)        04D6
_IPR4bits                   (abs)        036B
_OSCCON1bits                (abs)        00AD
_OSCFREQ                    (abs)        00B1
_PIE4bits                   (abs)        04AC
_PIR4bits                   (abs)        04B7
_PWM1CLK                    (abs)        0461
_PWM1CONbits                (abs)        0469
_PWM1CPRE                   (abs)        0465
_PWM1ERS                    (abs)        0460
_PWM1GIE                    (abs)        0468
_PWM1PR                     (abs)        0463
_PWM1S1CFGbits              (abs)        046A
_PWM1S1P1                   (abs)        046B
_PWM1S1P2                   (abs)        046D
_PWMsetup                   text32       399A
_RB4PPS                     (abs)        020D
_RB5PPS                     (abs)        020E
_RB6PPS                     (abs)        020F
_RC0PPS                     (abs)        0211
_RC2PPS                     (abs)        0213
_TRISB                      (abs)        04C7
_TRISBbits                  (abs)        04C7
_TRISC                      (abs)        04C8
_TRISCbits                  (abs)        04C8
_TX                         text27       3956
_U1BRGH                     (abs)        02AF
_U1BRGL                     (abs)        02AE
_U1CON0bits                 (abs)        02AB
_U1CON1bits                 (abs)        02AC
_U1CON2bits                 (abs)        02AD
_U1FIFObits                 (abs)        02B0
_U1RXB                      (abs)        02A1
_U1RXPPS                    (abs)        0272
_U1TXB                      (abs)        02A3
_UARTsetup                  text31       373E
_Vcell                      bssBANK6     0654
_Vt                         bssBANK6     0600
__HRAM                      (abs)        0000
__H__absolute__             __absolute__ 0000
__Habs1                     abs1         0000
__Hbank10                   bank10       0000
__Hbank11                   bank11       0000
__Hbank12                   bank12       0000
__Hbank5                    bank5        0000
__Hbank6                    bank6        0000
__Hbank7                    bank7        0000
__Hbank8                    bank8        0000
__Hbank9                    bank9        0000
__Hbigbss                   bigbss       0000
__Hbigdata                  bigdata      0000
__Hbigram                   bigram       0000
__Hbigsfr                   bigsfr       0000
__Hbss                      bss          0000
__HbssBANK5                 bssBANK5     0000
__HbssBANK6                 bssBANK6     0000
__Hcinit                    cinit        0000
__Hclrtext                  clrtext      0000
__Hcomram                   comram       0000
__Hconfig                   config       0000
__Hconst                    const        0000
__HcstackBANK5              cstackBANK5  0000
__HcstackBANK6              cstackBANK6  0000
__HcstackCOMRAM             cstackCOMRAM 0000
__Hdata                     data         0000
__HdataBANK5                dataBANK5    0000
__Heeprom_data              eeprom_data  0000
__Hfarbss                   farbss       0000
__Hfardata                  fardata      0000
__Hheap                     heap         0000
__Hibigdata                 ibigdata     0000
__Hidata                    idata        0000
__HidataBANK5               idataBANK5   0000
__Hidloc                    idloc        0000
__Hifardata                 ifardata     0000
__Hinit                     init         8000
__Hintsave_regs             intsave_regs 0000
__Hirdata                   irdata       0000
__Hmediumconst              mediumconst  0000
__HnvFARRAM                 nvFARRAM     0000
__Hnvbit                    nvbit        0000
__Hnvrram                   nvrram       0000
__Hparam                    rparam       0000
__Hpowerup                  powerup      0000
__Hram                      ram          0000
__Hramtop                   ramtop       0E00
__Hrbit                     rbit         0000
__Hrbss                     rbss         0000
__Hrdata                    rdata        0000
__Hreset_vec                reset_vec    0004
__Hrparam                   rparam       0000
__Hsfr                      sfr          0000
__Hsmallconst               smallconst   0E2E
__Hspace_0                  (abs)        8000
__Hspace_1                  (abs)        069E
__Hspace_2                  (abs)        0000
__Hspace_4                  (abs)        0000
__Hstack                    stack        0000
__Hstruct                   struct       0000
__Htemp                     temp         0000
__Htext                     text         0000
__Htext0                    text0        0000
__Htext1                    text1        0000
__Htext10                   text10       0000
__Htext11                   text11       0000
__Htext12                   text12       0000
__Htext13                   text13       0000
__Htext14                   text14       0000
__Htext15                   text15       0000
__Htext16                   text16       0000
__Htext17                   text17       0000
__Htext18                   text18       0000
__Htext19                   text19       0000
__Htext2                    text2        0000
__Htext20                   text20       0000
__Htext21                   text21       0000
__Htext22                   text22       0000
__Htext23                   text23       0000
__Htext24                   text24       0000
__Htext25                   text25       0000
__Htext26                   text26       0000
__Htext27                   text27       0000
__Htext28                   text28       0000
__Htext29                   text29       0000
__Htext3                    text3        0000
__Htext30                   text30       0000
__Htext31                   text31       0000
__Htext32                   text32       0000
__Htext33                   text33       0000
__Htext4                    text4        0000
__Htext5                    text5        0000
__Htext6                    text6        0000
__Htext7                    text7        0000
__Htext8                    text8        0000
__Htext9                    text9        0000
__LRAM                      (abs)        0001
__L__absolute__             __absolute__ 0000
__Labs1                     abs1         0000
__Lbank10                   bank10       0000
__Lbank11                   bank11       0000
__Lbank12                   bank12       0000
__Lbank5                    bank5        0000
__Lbank6                    bank6        0000
__Lbank7                    bank7        0000
__Lbank8                    bank8        0000
__Lbank9                    bank9        0000
__Lbigbss                   bigbss       0000
__Lbigdata                  bigdata      0000
__Lbigram                   bigram       0000
__Lbigsfr                   bigsfr       0000
__Lbss                      bss          0000
__LbssBANK5                 bssBANK5     0000
__LbssBANK6                 bssBANK6     0000
__Lcinit                    cinit        0000
__Lclrtext                  clrtext      0000
__Lcomram                   comram       0000
__Lconfig                   config       0000
__Lconst                    const        0000
__LcstackBANK5              cstackBANK5  0000
__LcstackBANK6              cstackBANK6  0000
__LcstackCOMRAM             cstackCOMRAM 0000
__Ldata                     data         0000
__LdataBANK5                dataBANK5    0000
__Leeprom_data              eeprom_data  0000
__Lfarbss                   farbss       0000
__Lfardata                  fardata      0000
__Lheap                     heap         0000
__Libigdata                 ibigdata     0000
__Lidata                    idata        0000
__LidataBANK5               idataBANK5   0000
__Lidloc                    idloc        0000
__Lifardata                 ifardata     0000
__Linit                     init         7FFC
__Lintsave_regs             intsave_regs 0000
__Lirdata                   irdata       0000
__Lmediumconst              mediumconst  0000
__LnvFARRAM                 nvFARRAM     0000
__Lnvbit                    nvbit        0000
__Lnvrram                   nvrram       0000
__Lparam                    rparam       0000
__Lpowerup                  powerup      0000
__Lram                      ram          0000
__Lramtop                   ramtop       0E00
__Lrbit                     rbit         0000
__Lrbss                     rbss         0000
__Lrdata                    rdata        0000
__Lreset_vec                reset_vec    0000
__Lrparam                   rparam       0000
__Lsfr                      sfr          0000
__Lsmallconst               smallconst   0E00
__Lspace_0                  (abs)        0000
__Lspace_1                  (abs)        0000
__Lspace_2                  (abs)        0000
__Lspace_4                  (abs)        0000
__Lstack                    stack        0000
__Lstruct                   struct       0000
__Ltemp                     temp         0000
__Ltext                     text         0000
__Ltext0                    text0        0000
__Ltext1                    text1        0000
__Ltext10                   text10       0000
__Ltext11                   text11       0000
__Ltext12                   text12       0000
__Ltext13                   text13       0000
__Ltext14                   text14       0000
__Ltext15                   text15       0000
__Ltext16                   text16       0000
__Ltext17                   text17       0000
__Ltext18                   text18       0000
__Ltext19                   text19       0000
__Ltext2                    text2        0000
__Ltext20                   text20       0000
__Ltext21                   text21       0000
__Ltext22                   text22       0000
__Ltext23                   text23       0000
__Ltext24                   text24       0000
__Ltext25                   text25       0000
__Ltext26                   text26       0000
__Ltext27                   text27       0000
__Ltext28                   text28       0000
__Ltext29                   text29       0000
__Ltext3                    text3        0000
__Ltext30                   text30       0000
__Ltext31                   text31       0000
__Ltext32                   text32       0000
__Ltext33                   text33       0000
__Ltext4                    text4        0000
__Ltext5                    text5        0000
__Ltext6                    text6        0000
__Ltext7                    text7        0000
__Ltext8                    text8        0000
__Ltext9                    text9        0000
__S0                        (abs)        8000
__S1                        (abs)        069E
__S4                        (abs)        0000
__S5                        (abs)        0000
___awdiv                    text26       331E
___awdiv@counter            cstackCOMRAM 0505
___awdiv@dividend           cstackCOMRAM 0501
___awdiv@divisor            cstackCOMRAM 0503
___awdiv@quotient           cstackCOMRAM 0507
___awdiv@sign               cstackCOMRAM 0506
___awmod                    text25       34A4
___awmod@counter            cstackCOMRAM 0505
___awmod@dividend           cstackCOMRAM 0501
___awmod@divisor            cstackCOMRAM 0503
___awmod@sign               cstackCOMRAM 0506
___fladd                    text13       1826
___fladd@a                  cstackCOMRAM 0505
___fladd@aexp               cstackCOMRAM 050E
___fladd@b                  cstackCOMRAM 0501
___fladd@bexp               cstackCOMRAM 050F
___fladd@grs                cstackCOMRAM 0510
___fladd@signs              cstackCOMRAM 050D
___fldiv                    text18       2110
___fldiv@a                  cstackCOMRAM 052C
___fldiv@aexp               cstackCOMRAM 0540
___fldiv@b                  cstackCOMRAM 0528
___fldiv@bexp               cstackCOMRAM 053F
___fldiv@grs                cstackCOMRAM 053B
___fldiv@new_exp            cstackCOMRAM 0539
___fldiv@rem                cstackCOMRAM 0534
___fldiv@sign               cstackCOMRAM 0538
___fleq                     text17       3554
___fleq@ff1                 cstackCOMRAM 0501
___fleq@ff2                 cstackCOMRAM 0505
___flge                     text16       2F76
___flge@ff1                 cstackCOMRAM 0528
___flge@ff2                 cstackCOMRAM 052C
___flmul                    text15       1CE6
___flmul@a                  cstackCOMRAM 0513
___flmul@aexp               cstackCOMRAM 0520
___flmul@b                  cstackCOMRAM 050F
___flmul@bexp               cstackCOMRAM 0521
___flmul@grs                cstackCOMRAM 051C
___flmul@prod               cstackCOMRAM 0522
___flmul@sign               cstackCOMRAM 051B
___flmul@temp               cstackCOMRAM 0526
___flneg                    text14       3AA0
___flneg@f1                 cstackCOMRAM 0501
___flsub                    text12       3886
___flsub@a                  cstackCOMRAM 052C
___flsub@b                  cstackCOMRAM 0528
___fltol                    text11       2E70
___fltol@exp1               cstackCOMRAM 050A
___fltol@f1                 cstackCOMRAM 0501
___fltol@sign1              cstackCOMRAM 0509
___fpclassifyf              text10       307A
___fpclassifyf@F465         bssBANK5     05CE
___fpclassifyf@e            cstackCOMRAM 0509
___fpclassifyf@u            cstackCOMRAM 050B
___fpclassifyf@x            cstackCOMRAM 0501
___heap_hi                  (abs)        0000
___heap_lo                  (abs)        0000
___inthi_sp                 stack        0000
___intlo_sp                 stack        0000
___param_bank               (abs)        0000
___rparam_used              (abs)        0001
___sp                       stack        0000
___xxtofl                   text30       2978
___xxtofl@arg               cstackCOMRAM 050B
___xxtofl@exp               cstackCOMRAM 050A
___xxtofl@sign              cstackCOMRAM 0509
___xxtofl@val               cstackCOMRAM 0501
__accesstop                 (abs)        0560
__activetblptr              (abs)        0002
__end_of_ADCread            text29       373E
__end_of_ADCsetup           text33       3912
__end_of_PWMsetup           text32       39DE
__end_of_TX                 text27       399A
__end_of_UARTsetup          text31       3794
__end_of___awdiv            text26       33E2
__end_of___awmod            text25       3554
__end_of___fladd            text13       1CE6
__end_of___fldiv            text18       24AA
__end_of___fleq             text17       35FE
__end_of___flge             text16       307A
__end_of___flmul            text15       2110
__end_of___flneg            text14       3AD8
__end_of___flsub            text12       38CC
__end_of___fltol            text11       2F76
__end_of___fpclassifyf      text10       3178
__end_of___xxtofl           text30       2B2C
__end_of__initialization    cinit        3A16
__end_of_abs                text24       3AA0
__end_of_balanceCells       text28       2CDA
__end_of_dtoa               text19       2E70
__end_of_efgtoa             text5        1826
__end_of_floorf             text9        2978
__end_of_fputc              text22       331E
__end_of_fputs              text21       3956
__end_of_labs               text8        36DE
__end_of_main               text0        3254
__end_of_memcpy             text7        3886
__end_of_pad                text20       3678
__end_of_putch              text23       3ADE
__end_of_sendData           text1        34A4
__end_of_sprintf            text2        3836
__end_of_strcpy             text6        3A60
__end_of_vfpfcnvrt          text4        2766
__end_of_vfprintf           text3        37E6
__initialization            cinit        39DE
__mediumconst               mediumconst  0000
__pbssBANK5                 bssBANK5     05CA
__pbssBANK6                 bssBANK6     0600
__pcinit                    cinit        39DE
__pcstackBANK5              cstackBANK5  0560
__pcstackBANK6              cstackBANK6  065C
__pcstackCOMRAM             cstackCOMRAM 0501
__pdataBANK5                dataBANK5    05D7
__pidataBANK5               idataBANK5   3AD8
__psmallconst               smallconst   0E00
__ptext0                    text0        3178
__ptext1                    text1        33E2
__ptext10                   text10       307A
__ptext11                   text11       2E70
__ptext12                   text12       3886
__ptext13                   text13       1826
__ptext14                   text14       3AA0
__ptext15                   text15       1CE6
__ptext16                   text16       2F76
__ptext17                   text17       3554
__ptext18                   text18       2110
__ptext19                   text19       2CDA
__ptext2                    text2        37E6
__ptext20                   text20       35FE
__ptext21                   text21       3912
__ptext22                   text22       3254
__ptext23                   text23       3ADC
__ptext24                   text24       3A60
__ptext25                   text25       34A4
__ptext26                   text26       331E
__ptext27                   text27       3956
__ptext28                   text28       2B2C
__ptext29                   text29       36DE
__ptext3                    text3        3794
__ptext30                   text30       2978
__ptext31                   text31       373E
__ptext32                   text32       399A
__ptext33                   text33       38CC
__ptext4                    text4        24AA
__ptext5                    text5        0E2E
__ptext6                    text6        3A20
__ptext7                    text7        3836
__ptext8                    text8        3678
__ptext9                    text9        2766
__ramtop                    ramtop       0E00
__smallconst                smallconst   0E00
_abs                        text24       3A60
_balanceCells               text28       2B2C
_channel_map                dataBANK5    05D7
_dbuf                       bssBANK6     0604
_dtoa                       text19       2CDA
_dtoa$1318                  cstackCOMRAM 0520
_efgtoa                     text5        0E2E
_efgtoa$1349                cstackBANK5  0566
_flags                      bssBANK5     05D6
_floorf                     text9        2766
_fputc                      text22       3254
_fputs                      text21       3912
_labs                       text8        3678
_main                       text0        3178
_memcpy                     text7        3836
_pad                        text20       35FE
_prec                       bssBANK5     05D4
_putch                      text23       3ADC
_sendData                   text1        33E2
_sprintf                    text2        37E6
_strcpy                     text6        3A20
_vfpfcnvrt                  text4        24AA
_vfprintf                   text3        3794
_width                      bssBANK5     05D2
abs@a                       cstackCOMRAM 0507
balanceCells@i              cstackCOMRAM 0513
balanceCells@index_max      cstackCOMRAM 050F
balanceCells@index_min      cstackCOMRAM 0510
balanceCells@max            cstackCOMRAM 0509
balanceCells@min            cstackCOMRAM 050B
balanceCells@prev_index_max cstackCOMRAM 050D
balanceCells@prev_index_min cstackCOMRAM 050E
balanceCells@reading        cstackCOMRAM 0511
dtoa@d                      cstackCOMRAM 051E
dtoa@fp                     cstackCOMRAM 051C
dtoa@i                      cstackCOMRAM 0526
dtoa@p                      cstackCOMRAM 0522
dtoa@s                      cstackCOMRAM 0528
dtoa@w                      cstackCOMRAM 0524
efgtoa@c                    cstackCOMRAM 055B
efgtoa@d                    cstackBANK5  056B
efgtoa@e                    cstackBANK5  056F
efgtoa@f                    cstackCOMRAM 0557
efgtoa@fp                   cstackCOMRAM 0555
efgtoa@g                    cstackBANK5  0584
efgtoa@h                    cstackBANK5  0579
efgtoa@i                    cstackBANK5  0577
efgtoa@l                    cstackBANK5  057D
efgtoa@m                    cstackBANK5  056D
efgtoa@mode                 cstackBANK5  0569
efgtoa@n                    cstackBANK5  0582
efgtoa@ne                   cstackBANK5  0560
efgtoa@nmode                cstackBANK5  056A
efgtoa@ou                   cstackBANK5  0573
efgtoa@p                    cstackBANK5  0562
efgtoa@pp                   cstackBANK5  0568
efgtoa@sign                 cstackBANK5  0581
efgtoa@t                    cstackBANK5  0564
efgtoa@u                    cstackBANK5  0588
efgtoa@w                    cstackBANK5  0571
end_of_initialization       cinit        3A16
floorf@F526                 bssBANK5     05CA
floorf@e                    cstackCOMRAM 054F
floorf@m                    cstackCOMRAM 054B
floorf@u                    cstackCOMRAM 0551
floorf@x                    cstackCOMRAM 0541
fputc@c                     cstackCOMRAM 0501
fputc@fp                    cstackCOMRAM 0503
fputs@c                     cstackCOMRAM 050E
fputs@fp                    cstackCOMRAM 050C
fputs@i                     cstackCOMRAM 050F
fputs@s                     cstackCOMRAM 050A
intlevel0                   text         0000
intlevel1                   text         0000
intlevel2                   text         0000
intlevel3                   text         0000
isa$std                     (abs)        0001
isa$xinst                   (abs)        0000
labs@a                      cstackCOMRAM 0501
memcpy@d                    cstackCOMRAM 0507
memcpy@d1                   cstackCOMRAM 0501
memcpy@n                    cstackCOMRAM 0505
memcpy@s                    cstackCOMRAM 0509
memcpy@s1                   cstackCOMRAM 0503
memcpy@tmp                  cstackCOMRAM 050B
pad@buf                     cstackCOMRAM 0513
pad@fp                      cstackCOMRAM 0511
pad@i                       cstackCOMRAM 0518
pad@p                       cstackCOMRAM 0515
pad@w                       cstackCOMRAM 051A
sendData@i                  cstackBANK6  069C
sendData@msg                cstackBANK6  065C
sprintf@ap                  cstackBANK5  05B9
sprintf@f                   cstackBANK5  05BB
sprintf@fmt                 cstackBANK5  05A3
sprintf@s                   cstackBANK5  05A1
stackhi                     (abs)        0000
stacklo                     (abs)        0000
start                       init         7FFC
start_initialization        cinit        39DE
strcpy@d                    cstackCOMRAM 0507
strcpy@dest                 cstackCOMRAM 0501
strcpy@s                    cstackCOMRAM 0505
strcpy@src                  cstackCOMRAM 0503
vfpfcnvrt@ap                cstackBANK5  0590
vfpfcnvrt@c                 cstackBANK5  0596
vfpfcnvrt@convarg           cstackBANK5  0592
vfpfcnvrt@cp                cstackBANK5  0597
vfpfcnvrt@fmt               cstackBANK5  058E
vfpfcnvrt@fp                cstackBANK5  058C
vfprintf@ap                 cstackBANK5  059D
vfprintf@cfmt               cstackBANK5  059F
vfprintf@fmt                cstackBANK5  059B
vfprintf@fp                 cstackBANK5  0599


MODULE INFORMATION

Module		Function		Class		Link	Load	Size
C:\Program Files\Microchip\xc8\v2.41\pic\sources\c99\common\__fpclassifyf.c
		___fpclassifyf 		CODE           	307A	0000	254

C:\Program Files\Microchip\xc8\v2.41\pic\sources\c99\common\__fpclassifyf.c estimated size: 254

C:\Program Files\Microchip\xc8\v2.41\pic\sources\c99\common\awmod.c
		___awmod       		CODE           	34A4	0000	176

C:\Program Files\Microchip\xc8\v2.41\pic\sources\c99\common\awmod.c estimated size: 176

C:\Program Files\Microchip\xc8\v2.41\pic\sources\c99\common\floorf.c
		_floorf        		CODE           	2766	0000	530

C:\Program Files\Microchip\xc8\v2.41\pic\sources\c99\common\floorf.c estimated size: 530

C:\Program Files\Microchip\xc8\v2.41\pic\sources\c99\common\flge.c
		___flge        		CODE           	2F76	0000	260

C:\Program Files\Microchip\xc8\v2.41\pic\sources\c99\common\flge.c estimated size: 260

C:\Program Files\Microchip\xc8\v2.41\pic\sources\c99\common\fltol.c
		___fltol       		CODE           	2E70	0000	262

C:\Program Files\Microchip\xc8\v2.41\pic\sources\c99\common\fltol.c estimated size: 262

C:\Program Files\Microchip\xc8\v2.41\pic\sources\c99\common\xxtofl.c
		___xxtofl      		CODE           	2978	0000	436

C:\Program Files\Microchip\xc8\v2.41\pic\sources\c99\common\xxtofl.c estimated size: 436

C:\Program Files\Microchip\xc8\v2.41\pic\sources\c99\common\nf_fputc.c
		_fputc         		CODE           	3254	0000	202

C:\Program Files\Microchip\xc8\v2.41\pic\sources\c99\common\nf_fputc.c estimated size: 202

C:\Program Files\Microchip\xc8\v2.41\pic\sources\c99\common\strcpy.c
		_strcpy        		CODE           	3A20	0000	64

C:\Program Files\Microchip\xc8\v2.41\pic\sources\c99\common\strcpy.c estimated size: 64

C:\Program Files\Microchip\xc8\v2.41\pic\sources\c99\common\nf_sprintf.c
		_sprintf       		CODE           	37E6	0000	80

C:\Program Files\Microchip\xc8\v2.41\pic\sources\c99\common\nf_sprintf.c estimated size: 80

C:\Program Files\Microchip\xc8\v2.41\pic\sources\c99\common\sprcadd.c
		___flsub       		CODE           	3886	0000	70
		___fladd       		CODE           	1826	0000	1216

C:\Program Files\Microchip\xc8\v2.41\pic\sources\c99\common\sprcadd.c estimated size: 1286

C:\Program Files\Microchip\xc8\v2.41\pic\sources\c99\common\awdiv.c
		___awdiv       		CODE           	331E	0000	196

C:\Program Files\Microchip\xc8\v2.41\pic\sources\c99\common\awdiv.c estimated size: 196

C:\Program Files\Microchip\xc8\v2.41\pic\sources\c99\common\abs.c
		_abs           		CODE           	3A60	0000	64

C:\Program Files\Microchip\xc8\v2.41\pic\sources\c99\common\abs.c estimated size: 64

C:\Program Files\Microchip\xc8\v2.41\pic\sources\c99\common\doprnt.c
		_vfpfcnvrt     		CODE           	24AA	0000	700
		_efgtoa        		CODE           	0E2E	0000	2552
		_pad           		CODE           	35FE	0000	122
		_dtoa          		CODE           	2CDA	0000	406
		_vfprintf      		CODE           	3794	0000	82

C:\Program Files\Microchip\xc8\v2.41\pic\sources\c99\common\doprnt.c estimated size: 3862

C:\Program Files\Microchip\xc8\v2.41\pic\sources\c99\common\flneg.c
		___flneg       		CODE           	3AA0	0000	56

C:\Program Files\Microchip\xc8\v2.41\pic\sources\c99\common\flneg.c estimated size: 56

C:\Program Files\Microchip\xc8\v2.41\pic\sources\c99\common\fleq.c
		___fleq        		CODE           	3554	0000	170

C:\Program Files\Microchip\xc8\v2.41\pic\sources\c99\common\fleq.c estimated size: 170

shared
		__initialization		CODE           	39DE	0000	56

shared estimated size: 56

C:\Program Files\Microchip\xc8\v2.41\pic\sources\c99\common\memcpy.c
		_memcpy        		CODE           	3836	0000	80

C:\Program Files\Microchip\xc8\v2.41\pic\sources\c99\common\memcpy.c estimated size: 80

C:\Program Files\Microchip\xc8\v2.41\pic\sources\c99\common\putch.c
		_putch         		CODE           	3ADC	0000	2

C:\Program Files\Microchip\xc8\v2.41\pic\sources\c99\common\putch.c estimated size: 2

C:\Program Files\Microchip\xc8\v2.41\pic\sources\c99\common\nf_fputs.c
		_fputs         		CODE           	3912	0000	68

C:\Program Files\Microchip\xc8\v2.41\pic\sources\c99\common\nf_fputs.c estimated size: 68

C:\Program Files\Microchip\xc8\v2.41\pic\sources\c99\common\labs.c
		_labs          		CODE           	3678	0000	102

C:\Program Files\Microchip\xc8\v2.41\pic\sources\c99\common\labs.c estimated size: 102

main.c
		_main          		CODE           	3178	0000	220
		_ADCread       		CODE           	36DE	0000	96
		_UARTsetup     		CODE           	373E	0000	86
		_sendData      		CODE           	33E2	0000	194
		_balanceCells  		CODE           	2B2C	0000	430
		_PWMsetup      		CODE           	399A	0000	68
		_ADCsetup      		CODE           	38CC	0000	70
		_TX            		CODE           	3956	0000	68

main.c estimated size: 1232

C:\Program Files\Microchip\xc8\v2.41\pic\sources\c99\common\sprcmul.c
		___flmul       		CODE           	1CE6	0000	1066

C:\Program Files\Microchip\xc8\v2.41\pic\sources\c99\common\sprcmul.c estimated size: 1066

C:\Program Files\Microchip\xc8\v2.41\pic\sources\c99\common\sprcdiv.c
		___fldiv       		CODE           	2110	0000	922

C:\Program Files\Microchip\xc8\v2.41\pic\sources\c99\common\sprcdiv.c estimated size: 922

