Microchip MPLAB XC8 Compiler V2.41

Linker command line:

-W-3 \
  --edf=C:/Users/damie/.mchp_packs/Microchip/PIC18F-Q_DFP/1.19.401/xc8\pic\dat\20230621192048_en.msgs \
  -cn -h+dist/default/production\CellBalancingTest.X.production.sym \
  --cmf=dist/default/production\CellBalancingTest.X.production.cmf -z \
  -Q18F15Q40 -oC:\Users\damie\AppData\Local\Temp\xcCs2lc.2\driver_tmp_3.o \
  --defsym=__MPLAB_BUILD=1 --fixupoverflow=error \
  -Mdist/default/production/CellBalancingTest.X.production.map \
  --md=C:\Users\damie\AppData\Local\Temp\xcCs2lc.2\driver_tmp_0.dat -E1 \
  -ver=XC8 Compiler --acfsm=1493 -ACODE=00h-07FFFh -ACONST=00h-07FFFh \
  -ASMALLCONST=0E00h-0EFFhx114 -AMEDIUMCONST=0E00h-07FFFh \
  -ACOMRAM=0501h-055Fh -AABS1=0500h-0CFFh -ABIGRAM=0501h-0CFFh \
  -ARAM=0560h-05FFh,0600h-06FFhx7 -ABANK5=0560h-05FFh -ABANK6=0600h-06FFh \
  -ABANK7=0700h-07FFh -ABANK8=0800h-08FFh -ABANK9=0900h-09FFh \
  -ABANK10=0A00h-0AFFh -ABANK11=0B00h-0BFFh -ABANK12=0C00h-0CFFh \
  -ASFR=00h-0FFhx4,0400h-045Fh,0460h-04FFh,0D00h-0DFFh \
  -ABIGSFR=00h-04FFh,0D00h-0DFFh -ACONFIG=0300000h-0300011h \
  -AIDLOC=0200000h-020003Fh -AEEDATA=0380000h-03801FFh -peeprom_data=EEDATA \
  -preset_vec=00h -ppowerup=CODE,init -pramtop=0E00h \
  -psmallconst=SMALLCONST -pmediumconst=MEDIUMCONST -pconst=CONST \
  -AFARRAM=00h-00h \
  -prdata=COMRAM,nvrram=COMRAM,nvbit=COMRAM,rbss=COMRAM,rbit=COMRAM \
  -pfarbss=FARRAM,fardata=FARRAM,nvFARRAM=FARRAM \
  -pintsave_regs=BIGRAM,bigbss=BIGRAM,bigdata=BIGRAM -pbss=RAM \
  -pidata=CODE,irdata=CODE,ibigdata=CODE,ifardata=CODE -prparam=COMRAM \
  C:\Users\damie\AppData\Local\Temp\xcCs2lc.2\driver_tmp_9.o \
  dist/default/production\CellBalancingTest.X.production.o 

Object code version is 3.11

Machine type is 18F15Q40



                Name                               Link     Load   Length Selector   Space Scale
C:\Users\damie\AppData\Local\Temp\xcCs2lc.2\driver_tmp_9.o
                init                               7FFC     7FFC        4     3FFE       0
                reset_vec                             0        0        4        0       0
dist/default/production\CellBalancingTest.X.production.o
                text2                              7FBA     7FBA       42     3FDD       0
                text1                              7F7E     7F7E       3C     3FBF       0
                text0                              7F34     7F34       24     3F9A       0
                dataCOMRAM                          501      501        4      501       1
                cinit                              7F58     7F58       26     3FAC       0
                idataCOMRAM                        7F30     7F30        4     7F30       0

TOTAL           Name                               Link     Load   Length     Space
        CLASS   CODE           
                init                               7FFC     7FFC        4         0
                reset_vec                             0        0        4         0
                text2                              7FBA     7FBA       42         0
                text1                              7F7E     7F7E       3C         0
                text0                              7F34     7F34       24         0
                cinit                              7F58     7F58       26         0
                idataCOMRAM                        7F30     7F30        4         0

        CLASS   CONST          

        CLASS   SMALLCONST     

        CLASS   MEDIUMCONST    

        CLASS   COMRAM         
                dataCOMRAM                          501      501        4         1

        CLASS   ABS1           

        CLASS   BIGRAM         

        CLASS   RAM            

        CLASS   BANK5          

        CLASS   BANK6          

        CLASS   BANK7          

        CLASS   BANK8          

        CLASS   BANK9          

        CLASS   BANK10         

        CLASS   BANK11         

        CLASS   BANK12         

        CLASS   SFR            

        CLASS   BIGSFR         

        CLASS   CONFIG         

        CLASS   IDLOC          

        CLASS   EEDATA         

        CLASS   FARRAM         

        CLASS   HEAP           

        CLASS   STACK          



SEGMENTS        Name                           Load    Length   Top    Selector   Space  Class

                reset_vec                      000000  000004  000004         0       0  CODE    
                dataCOMRAM                     000501  000004  000505       501       1  COMRAM  
                idataCOMRAM                    007F30  000004  007F34      7F30       0  CODE    
                text0                          007F34  000024  007F58      3F9A       0  CODE    
                cinit                          007F58  000026  007F7E      3FAC       0  CODE    
                text1                          007F7E  00003C  007FBA      3FBF       0  CODE    
                text2                          007FBA  000042  007FFC      3FDD       0  CODE    
                init                           007FFC  000004  008000      3FFE       0  CODE    


UNUSED ADDRESS RANGES

        Name                Unused          Largest block    Delta
        BANK10           0A00-0AFF            100
        BANK11           0B00-0BFF            100
        BANK12           0C00-0CFF            100
        BANK5            0560-05FF             A0
        BANK6            0600-06FF            100
        BANK7            0700-07FF            100
        BANK8            0800-08FF            100
        BANK9            0900-09FF            100
        BIGRAM           0505-0CFF            7FB
        BIGSFR           0000-04FF            500
                         0D00-0DFF            100
        CODE             0004-7F2F           7F2C
        COMRAM           0505-055F             5B
        CONFIG           300000-300011             12
        CONST            0004-7F2F           7F2C
        EEDATA           380000-3801FF            200
        IDLOC            200000-20003F             40
        MEDIUMCONST      0E00-7F2F           7130
        RAM              0560-0CFF            100
        SFR              0000-04FF            100
                         0D00-0DFF            100
        SMALLCONST       0E00-7F2F            100

                                  Symbol Table

_ADACQ                   (abs)        03EE
_ADCON0bits              (abs)        03F3
_ADCsetup                text2        7FBA
_ADPCH                   (abs)        03EC
_ADREFbits               (abs)        03F8
_ADRESH                  (abs)        03EB
_ADRESL                  (abs)        03EA
_ANSELB                  (abs)        0408
_ANSELC                  (abs)        0410
_FVRCONbits              (abs)        03D7
_OSCCON1bits             (abs)        00AD
_OSCFREQ                 (abs)        00B1
_PWM1CLK                 (abs)        0461
_PWM1CONbits             (abs)        0469
_PWM1CPRE                (abs)        0465
_PWM1ERS                 (abs)        0460
_PWM1GIE                 (abs)        0468
_PWM1PR                  (abs)        0463
_PWM1S1CFGbits           (abs)        046A
_PWM1S1P1                (abs)        046B
_PWM1S1P2                (abs)        046D
_PWMsetup                text1        7F7E
_RB5PPS                  (abs)        020E
_RB6PPS                  (abs)        020F
_TRISB                   (abs)        04C7
_TRISBbits               (abs)        04C7
_TRISC                   (abs)        04C8
_TRISCbits               (abs)        04C8
__HRAM                   (abs)        0000
__H__absolute__          __absolute__ 0000
__Habs1                  abs1         0000
__Hbank10                bank10       0000
__Hbank11                bank11       0000
__Hbank12                bank12       0000
__Hbank5                 bank5        0000
__Hbank6                 bank6        0000
__Hbank7                 bank7        0000
__Hbank8                 bank8        0000
__Hbank9                 bank9        0000
__Hbigbss                bigbss       0000
__Hbigdata               bigdata      0000
__Hbigram                bigram       0000
__Hbigsfr                bigsfr       0000
__Hbss                   bss          0000
__Hcinit                 cinit        0000
__Hclrtext               clrtext      0000
__Hcomram                comram       0000
__Hconfig                config       0000
__Hconst                 const        0000
__HcstackCOMRAM          cstackCOMRAM 0000
__Hdata                  data         0000
__HdataCOMRAM            dataCOMRAM   0000
__Heeprom_data           eeprom_data  0000
__Hfarbss                farbss       0000
__Hfardata               fardata      0000
__Hheap                  heap         0000
__Hibigdata              ibigdata     0000
__Hidata                 idata        0000
__HidataCOMRAM           idataCOMRAM  0000
__Hidloc                 idloc        0000
__Hifardata              ifardata     0000
__Hinit                  init         8000
__Hintsave_regs          intsave_regs 0000
__Hirdata                irdata       0000
__Hmediumconst           mediumconst  0000
__HnvFARRAM              nvFARRAM     0000
__Hnvbit                 nvbit        0000
__Hnvrram                nvrram       0000
__Hparam                 rparam       0000
__Hpowerup               powerup      0000
__Hram                   ram          0000
__Hramtop                ramtop       0E00
__Hrbit                  rbit         0000
__Hrbss                  rbss         0000
__Hrdata                 rdata        0000
__Hreset_vec             reset_vec    0004
__Hrparam                rparam       0000
__Hsfr                   sfr          0000
__Hsmallconst            smallconst   0000
__Hspace_0               (abs)        8000
__Hspace_1               (abs)        0505
__Hspace_2               (abs)        0000
__Hspace_4               (abs)        0000
__Hstack                 stack        0000
__Hstruct                struct       0000
__Htemp                  temp         0000
__Htext                  text         0000
__Htext0                 text0        0000
__Htext1                 text1        0000
__Htext2                 text2        0000
__LRAM                   (abs)        0001
__L__absolute__          __absolute__ 0000
__Labs1                  abs1         0000
__Lbank10                bank10       0000
__Lbank11                bank11       0000
__Lbank12                bank12       0000
__Lbank5                 bank5        0000
__Lbank6                 bank6        0000
__Lbank7                 bank7        0000
__Lbank8                 bank8        0000
__Lbank9                 bank9        0000
__Lbigbss                bigbss       0000
__Lbigdata               bigdata      0000
__Lbigram                bigram       0000
__Lbigsfr                bigsfr       0000
__Lbss                   bss          0000
__Lcinit                 cinit        0000
__Lclrtext               clrtext      0000
__Lcomram                comram       0000
__Lconfig                config       0000
__Lconst                 const        0000
__LcstackCOMRAM          cstackCOMRAM 0000
__Ldata                  data         0000
__LdataCOMRAM            dataCOMRAM   0000
__Leeprom_data           eeprom_data  0000
__Lfarbss                farbss       0000
__Lfardata               fardata      0000
__Lheap                  heap         0000
__Libigdata              ibigdata     0000
__Lidata                 idata        0000
__LidataCOMRAM           idataCOMRAM  0000
__Lidloc                 idloc        0000
__Lifardata              ifardata     0000
__Linit                  init         7FFC
__Lintsave_regs          intsave_regs 0000
__Lirdata                irdata       0000
__Lmediumconst           mediumconst  0000
__LnvFARRAM              nvFARRAM     0000
__Lnvbit                 nvbit        0000
__Lnvrram                nvrram       0000
__Lparam                 rparam       0000
__Lpowerup               powerup      0000
__Lram                   ram          0000
__Lramtop                ramtop       0E00
__Lrbit                  rbit         0000
__Lrbss                  rbss         0000
__Lrdata                 rdata        0000
__Lreset_vec             reset_vec    0000
__Lrparam                rparam       0000
__Lsfr                   sfr          0000
__Lsmallconst            smallconst   0000
__Lspace_0               (abs)        0000
__Lspace_1               (abs)        0000
__Lspace_2               (abs)        0000
__Lspace_4               (abs)        0000
__Lstack                 stack        0000
__Lstruct                struct       0000
__Ltemp                  temp         0000
__Ltext                  text         0000
__Ltext0                 text0        0000
__Ltext1                 text1        0000
__Ltext2                 text2        0000
__S0                     (abs)        8000
__S1                     (abs)        0505
__S4                     (abs)        0000
__S5                     (abs)        0000
___heap_hi               (abs)        0000
___heap_lo               (abs)        0000
___inthi_sp              stack        0000
___intlo_sp              stack        0000
___param_bank            (abs)        0000
___rparam_used           (abs)        0001
___sp                    stack        0000
__accesstop              (abs)        0560
__activetblptr           (abs)        0000
__end_of_ADCsetup        text2        7FFC
__end_of_PWMsetup        text1        7FBA
__end_of__initialization cinit        7F78
__end_of_main            text0        7F58
__initialization         cinit        7F58
__mediumconst            mediumconst  0000
__pcinit                 cinit        7F58
__pcstackCOMRAM          cstackCOMRAM 0000
__pdataCOMRAM            dataCOMRAM   0501
__pidataCOMRAM           idataCOMRAM  7F30
__ptext0                 text0        7F34
__ptext1                 text1        7F7E
__ptext2                 text2        7FBA
__ramtop                 ramtop       0E00
__smallconst             smallconst   0000
_channel_map             dataCOMRAM   0501
_main                    text0        7F34
end_of_initialization    cinit        7F78
intlevel0                text         0000
intlevel1                text         0000
intlevel2                text         0000
intlevel3                text         0000
isa$std                  (abs)        0001
isa$xinst                (abs)        0000
stackhi                  (abs)        0000
stacklo                  (abs)        0000
start                    init         7FFC
start_initialization     cinit        7F58


MODULE INFORMATION

Module		Function		Class		Link	Load	Size
shared
		__initialization		CODE           	7F58	0000	32

shared estimated size: 32

main.c
		_main          		CODE           	7F34	0000	36
		_PWMsetup      		CODE           	7F7E	0000	60
		_ADCsetup      		CODE           	7FBA	0000	66

main.c estimated size: 162

