Microchip MPLAB XC8 Compiler V2.41

Linker command line:

-W-3 \
  --edf=C:/Program Files/Microchip/MPLABX/v6.10/packs/Microchip/PIC18F-Q_DFP/1.17.379/xc8\pic\dat\20230323153512_en.msgs \
  -pivt0x8=08h -cn -h+dist/default/debug\I2C.X.debug.sym \
  --cmf=dist/default/debug\I2C.X.debug.cmf -z -Q18F15Q40 \
  -oC:\Users\damie\AppData\Local\Temp\xcAsi0g.\driver_tmp_3.o \
  --defsym=__MPLAB_BUILD=1 --fixupoverflow=error \
  -Mdist/default/debug/I2C.X.debug.map \
  --md=C:\Users\damie\AppData\Local\Temp\xcAsi0g.\driver_tmp_0.dat -E1 \
  -ver=XC8 Compiler --acfsm=1493 -ACODE=00h-07FFFh -ACONST=00h-07FFFh \
  -ASMALLCONST=0E00h-0EFFhx114 -AMEDIUMCONST=0E00h-07FFFh \
  -ACOMRAM=0501h-055Fh -AABS1=0500h-0CFFh -ABIGRAM=0501h-0CFFh \
  -ARAM=0560h-05FFh,0600h-06FFhx7 -ABANK5=0560h-05FFh -ABANK6=0600h-06FFh \
  -ABANK7=0700h-07FFh -ABANK8=0800h-08FFh -ABANK9=0900h-09FFh \
  -ABANK10=0A00h-0AFFh -ABANK11=0B00h-0BFFh -ABANK12=0C00h-0CFFh \
  -ASFR=00h-0FFhx4,0400h-045Fh,0460h-04FFh,0D00h-0DFFh \
  -ABIGSFR=00h-04FFh,0D00h-0DFFh -ACONFIG=0300000h-0300011h \
  -AIDLOC=0200000h-020003Fh -AEEDATA=0380000h-03801FFh -peeprom_data=EEDATA \
  -preset_vec=00h -ppowerup=CODE,init -pramtop=0E00h \
  -psmallconst=SMALLCONST -pmediumconst=MEDIUMCONST -pconst=CONST \
  -AFARRAM=00h-00h \
  -prdata=COMRAM,nvrram=COMRAM,nvbit=COMRAM,rbss=COMRAM,rbit=COMRAM \
  -pfarbss=FARRAM,fardata=FARRAM,nvFARRAM=FARRAM \
  -pintsave_regs=BIGRAM,bigbss=BIGRAM,bigdata=BIGRAM -pbss=RAM \
  -pidata=CODE,irdata=CODE,ibigdata=CODE,ifardata=CODE -prparam=COMRAM \
  C:\Users\damie\AppData\Local\Temp\xcAsi0g.\driver_tmp_9.o \
  dist/default/debug\I2C.X.debug.o 

Object code version is 3.11

Machine type is 18F15Q40



                Name                               Link     Load   Length Selector   Space Scale
C:\Users\damie\AppData\Local\Temp\xcAsi0g.\driver_tmp_9.o
                init                                 BA       BA        4        4       0
                reset_vec                             0        0        4        0       0
dist/default/debug\I2C.X.debug.o
                ivt0x8                                8        8       B2        4       0
                text5                                BE       BE       C4        4       0
                text4                               234      234       18       8D       0
                text3                               270      270        8       8D       0
                text2                               182      182       90        4       0
                text1                               24C      24C       14       8D       0
                text0                               260      260       10       8D       0
                cstackCOMRAM                        511      511        5      501       1
                bssCOMRAM                           501      501       10      501       1
                cinit                               212      212       20        4       0

TOTAL           Name                               Link     Load   Length     Space
        CLASS   CODE           
                init                                 BA       BA        4         0
                reset_vec                             0        0        4         0
                ivt0x8                                8        8       B2         0
                text5                                BE       BE       C4         0
                text4                               234      234       18         0
                text3                               270      270        8         0
                text2                               182      182       90         0
                text1                               24C      24C       14         0
                text0                               260      260       10         0
                cinit                               212      212       20         0

        CLASS   CONST          

        CLASS   SMALLCONST     

        CLASS   MEDIUMCONST    

        CLASS   COMRAM         
                cstackCOMRAM                        511      511        5         1
                bssCOMRAM                           501      501       10         1

        CLASS   ABS1           

        CLASS   BIGRAM         

        CLASS   RAM            

        CLASS   BANK5          

        CLASS   BANK6          

        CLASS   BANK7          

        CLASS   BANK8          

        CLASS   BANK9          

        CLASS   BANK10         

        CLASS   BANK11         

        CLASS   BANK12         

        CLASS   SFR            

        CLASS   BIGSFR         

        CLASS   CONFIG         

        CLASS   IDLOC          

        CLASS   EEDATA         

        CLASS   FARRAM         

        CLASS   HEAP           

        CLASS   STACK          



SEGMENTS        Name                           Load    Length   Top    Selector   Space  Class

                reset_vec                      000000  000004  000004         0       0  CODE    
                ivt0x8                         000008  00022A  000232         4       0  CODE    
                text4                          000234  000044  000278        8D       0  CODE    
                bssCOMRAM                      000501  000015  000516       501       1  COMRAM  


UNUSED ADDRESS RANGES

        Name                Unused          Largest block    Delta
        BANK10           A00-AFF           100
        BANK11           B00-BFF           100
        BANK12           C00-CFF           100
        BANK5            560-5FF            A0
        BANK6            600-6FF           100
        BANK7            700-7FF           100
        BANK8            800-8FF           100
        BANK9            900-9FF           100
        BIGRAM           516-CFF           7EA
        BIGSFR           000-4FF           500
                         D00-DFF           100
        CODE             004-007             4
                         232-233             2
                         278-7FFF          7D88
        COMRAM           516-55F            4A
        CONFIG           300000-300011            12
        CONST            004-007             4
                         232-233             2
                         278-7FFF          7D88
        EEDATA           380000-3801FF           200
        IDLOC            200000-20003F            40
        MEDIUMCONST      E00-7FFF          7200
        RAM              560-CFF           100
        SFR              000-4FF           100
                         D00-DFF           100
        SMALLCONST       E00-7FFF           100

                                  Symbol Table

IVTBASEH                 (abs)        45E
IVTBASEL                 (abs)        45D
IVTBASEU                 (abs)        45F
_ANSELCbits              (abs)        410
_I2C1ADR0                (abs)        290
_I2C1ADR1                (abs)        291
_I2C1BAUD                (abs)        29D
_I2C1BTOC                (abs)        29F
_I2C1BTObits             (abs)        29C
_I2C1CLK                 (abs)        29E
_I2C1CNTL                (abs)        28C
_I2C1CON0bits            (abs)        294
_I2C1CON1bits            (abs)        295
_I2C1CON2bits            (abs)        296
_I2C1PIEbits             (abs)        29B
_I2C1PIR                 (abs)        29A
_I2C1PIRbits             (abs)        29A
_I2C1RXB                 (abs)        28A
_I2C1SCLPPS              (abs)        271
_I2C1SDAPPS              (abs)        270
_I2C1STAT0bits           (abs)        298
_I2C1STAT1bits           (abs)        299
_I2C1TXB                 (abs)        28B
_INTCON0bits             (abs)        4D6
_IPR7bits                (abs)        36E
_ISR                     text4        234
_ODCONCbits              (abs)        412
_OSCCON1bits             (abs)        0AD
_OSCFREQ                 (abs)        0B1
_PIE7bits                (abs)        4AF
_PIR7bits                (abs)        4BA
_RC0PPS                  (abs)        211
_RC1PPS                  (abs)        212
_TRISCbits               (abs)        4C8
__HRAM                   (abs)        000
__H__absolute__          __absolute__ 000
__Habs1                  abs1         000
__Hbank10                bank10       000
__Hbank11                bank11       000
__Hbank12                bank12       000
__Hbank5                 bank5        000
__Hbank6                 bank6        000
__Hbank7                 bank7        000
__Hbank8                 bank8        000
__Hbank9                 bank9        000
__Hbigbss                bigbss       000
__Hbigdata               bigdata      000
__Hbigram                bigram       000
__Hbigsfr                bigsfr       000
__Hbss                   bss          000
__HbssCOMRAM             bssCOMRAM    000
__Hcinit                 cinit        000
__Hclrtext               clrtext      000
__Hcomram                comram       000
__Hconfig                config       000
__Hconst                 const        000
__HcstackCOMRAM          cstackCOMRAM 000
__Hdata                  data         000
__Heeprom_data           eeprom_data  000
__Hfarbss                farbss       000
__Hfardata               fardata      000
__Hheap                  heap         000
__Hibigdata              ibigdata     000
__Hidata                 idata        000
__Hidloc                 idloc        000
__Hifardata              ifardata     000
__Hinit                  init         0BE
__Hintsave_regs          intsave_regs 000
__Hirdata                irdata       000
__Hivt0x8                ivt0x8       0BA
__Hmediumconst           mediumconst  000
__HnvFARRAM              nvFARRAM     000
__Hnvbit                 nvbit        000
__Hnvrram                nvrram       000
__Hparam                 rparam       000
__Hpowerup               powerup      000
__Hram                   ram          000
__Hramtop                ramtop       E00
__Hrbit                  rbit         000
__Hrbss                  rbss         000
__Hrdata                 rdata        000
__Hreset_vec             reset_vec    004
__Hrparam                rparam       000
__Hsfr                   sfr          000
__Hsmallconst            smallconst   000
__Hspace_0               (abs)        E00
__Hspace_1               (abs)        516
__Hspace_2               (abs)        000
__Hspace_4               (abs)        000
__Hstack                 stack        000
__Hstruct                struct       000
__Htemp                  temp         000
__Htext                  text         000
__Htext0                 text0        000
__Htext1                 text1        000
__Htext2                 text2        000
__Htext3                 text3        000
__Htext4                 text4        000
__Htext5                 text5        000
__LRAM                   (abs)        001
__L__absolute__          __absolute__ 000
__Labs1                  abs1         000
__Lbank10                bank10       000
__Lbank11                bank11       000
__Lbank12                bank12       000
__Lbank5                 bank5        000
__Lbank6                 bank6        000
__Lbank7                 bank7        000
__Lbank8                 bank8        000
__Lbank9                 bank9        000
__Lbigbss                bigbss       000
__Lbigdata               bigdata      000
__Lbigram                bigram       000
__Lbigsfr                bigsfr       000
__Lbss                   bss          000
__LbssCOMRAM             bssCOMRAM    000
__Lcinit                 cinit        000
__Lclrtext               clrtext      000
__Lcomram                comram       000
__Lconfig                config       000
__Lconst                 const        000
__LcstackCOMRAM          cstackCOMRAM 000
__Ldata                  data         000
__Leeprom_data           eeprom_data  000
__Lfarbss                farbss       000
__Lfardata               fardata      000
__Lheap                  heap         000
__Libigdata              ibigdata     000
__Lidata                 idata        000
__Lidloc                 idloc        000
__Lifardata              ifardata     000
__Linit                  init         0BA
__Lintsave_regs          intsave_regs 000
__Lirdata                irdata       000
__Livt0x8                ivt0x8       008
__Lmediumconst           mediumconst  000
__LnvFARRAM              nvFARRAM     000
__Lnvbit                 nvbit        000
__Lnvrram                nvrram       000
__Lparam                 rparam       000
__Lpowerup               powerup      000
__Lram                   ram          000
__Lramtop                ramtop       E00
__Lrbit                  rbit         000
__Lrbss                  rbss         000
__Lrdata                 rdata        000
__Lreset_vec             reset_vec    000
__Lrparam                rparam       000
__Lsfr                   sfr          000
__Lsmallconst            smallconst   000
__Lspace_0               (abs)        000
__Lspace_1               (abs)        000
__Lspace_2               (abs)        000
__Lspace_4               (abs)        000
__Lstack                 stack        000
__Lstruct                struct       000
__Ltemp                  temp         000
__Ltext                  text         000
__Ltext0                 text0        000
__Ltext1                 text1        000
__Ltext2                 text2        000
__Ltext3                 text3        000
__Ltext4                 text4        000
__Ltext5                 text5        000
__S0                     (abs)        278
__S1                     (abs)        516
__S4                     (abs)        000
__S5                     (abs)        000
___heap_hi               (abs)        000
___heap_lo               (abs)        000
___inthi_sp              stack        000
___intlo_sp              stack        000
___param_bank            (abs)        000
___rparam_used           (abs)        001
___sp                    stack        000
__accesstop              (abs)        560
__activetblptr           (abs)        000
__end_of_ISR             text4        24C
__end_of__initialization cinit        22C
__end_of_configI2C       text2        212
__end_of_i2cStart        text5        182
__end_of_loop            text3        278
__end_of_main            text0        270
__end_of_setup           text1        260
__initialization         cinit        212
__mediumconst            mediumconst  000
__pbssCOMRAM             bssCOMRAM    501
__pcinit                 cinit        212
__pcstackCOMRAM          cstackCOMRAM 511
__pivt0x8                ivt0x8       008
__ptext0                 text0        260
__ptext1                 text1        24C
__ptext2                 text2        182
__ptext3                 text3        270
__ptext4                 text4        234
__ptext5                 text5        0BE
__ramtop                 ramtop       E00
__smallconst             smallconst   000
_configI2C               text2        182
_i2cBuffer               bssCOMRAM    501
_i2cStart                text5        0BE
_loop                    text3        270
_main                    text0        260
_setup                   text1        24C
end_of_initialization    cinit        22C
i2cStart@i               cstackCOMRAM 513
i2cStart@index           cstackCOMRAM 511
intlevel0                text         000
intlevel1                text         000
intlevel2                text         000
intlevel3                text         000
isa$std                  (abs)        001
isa$xinst                (abs)        000
ivt0x8_base              ivt0x8       008
ivt0x8_undefint          ivt0x8       0B8
stackhi                  (abs)        000
stacklo                  (abs)        000
start                    init         0BA
start_initialization     cinit        212


MODULE INFORMATION

Module		Function		Class		Link	Load	Size
shared
		__initialization		CODE           	0212	0000	26

shared estimated size: 26

main.c
		_loop          		CODE           	0270	0000	8
		_ISR           		CODE           	0234	0000	24
		_main          		CODE           	0260	0000	16
		_i2cStart      		CODE           	00BE	0000	196
		_configI2C     		CODE           	0182	0000	144
		_setup         		CODE           	024C	0000	20

main.c estimated size: 408

