Microchip MPLAB XC8 Compiler V2.41

Linker command line:

-W-3 \
  --edf=C:/Program Files/Microchip/MPLABX/v6.10/packs/Microchip/PIC18F-Q_DFP/1.17.379/xc8\pic\dat\20230323153512_en.msgs \
  -pivt0x8=08h -cn -h+dist/default/production\sunSensor.X.production.sym \
  --cmf=dist/default/production\sunSensor.X.production.cmf -z -Q18F15Q40 \
  -oC:\Users\damie\AppData\Local\Temp\xcCskuo.2\driver_tmp_3.o \
  --defsym=__MPLAB_BUILD=1 --fixupoverflow=error \
  -Mdist/default/production/sunSensor.X.production.map \
  --md=C:\Users\damie\AppData\Local\Temp\xcCskuo.2\driver_tmp_0.dat -E1 \
  -ver=XC8 Compiler --acfsm=1493 -ACODE=00h-07FFFh -ACONST=00h-07FFFh \
  -ASMALLCONST=0E00h-0EFFhx114 -AMEDIUMCONST=0E00h-07FFFh \
  -ACOMRAM=0501h-055Fh -AABS1=0500h-0CFFh -ABIGRAM=0501h-0CFFh \
  -ARAM=0560h-05FFh,0600h-06FFhx7 -ABANK5=0560h-05FFh -ABANK6=0600h-06FFh \
  -ABANK7=0700h-07FFh -ABANK8=0800h-08FFh -ABANK9=0900h-09FFh \
  -ABANK10=0A00h-0AFFh -ABANK11=0B00h-0BFFh -ABANK12=0C00h-0CFFh \
  -ASFR=00h-0FFhx4,0400h-045Fh,0460h-04FFh,0D00h-0DFFh \
  -ABIGSFR=00h-04FFh,0D00h-0DFFh -ACONFIG=0300000h-0300011h \
  -AIDLOC=0200000h-020003Fh -AEEDATA=0380000h-03801FFh -peeprom_data=EEDATA \
  -preset_vec=00h -ppowerup=CODE,init -pramtop=0E00h \
  -psmallconst=SMALLCONST -pmediumconst=MEDIUMCONST -pconst=CONST \
  -AFARRAM=00h-00h \
  -prdata=COMRAM,nvrram=COMRAM,nvbit=COMRAM,rbss=COMRAM,rbit=COMRAM \
  -pfarbss=FARRAM,fardata=FARRAM,nvFARRAM=FARRAM \
  -pintsave_regs=BIGRAM,bigbss=BIGRAM,bigdata=BIGRAM -pbss=RAM \
  -pidata=CODE,irdata=CODE,ibigdata=CODE,ifardata=CODE -prparam=COMRAM \
  C:\Users\damie\AppData\Local\Temp\xcCskuo.2\driver_tmp_9.o \
  dist/default/production\sunSensor.X.production.o 

Object code version is 3.11

Machine type is 18F15Q40



                Name                               Link     Load   Length Selector   Space Scale
C:\Users\damie\AppData\Local\Temp\xcCskuo.2\driver_tmp_9.o
                init                                 BA       BA        4        4       0
                reset_vec                             0        0        4        0       0
dist/default/production\sunSensor.X.production.o
                ivt0x8                                8        8       B2        4       0
                text6                               14E      14E       7E        4       0
                text5                               348      348       18        4       0
                text4                               29C      29C       4A        4       0
                text3                                BE       BE       90        4       0
                text2                               23C      23C       60        4       0
                text1                               1CC      1CC       70        4       0
                text0                               326      326       22        4       0
                cstackCOMRAM                        525      525        C      501       1
                dataCOMRAM                          519      519        C      501       1
                bssCOMRAM                           501      501       18      501       1
                cinit                               2E6      2E6       40        4       0
                idataCOMRAM                         360      360        C        4       0

TOTAL           Name                               Link     Load   Length     Space
        CLASS   CODE           
                init                                 BA       BA        4         0
                reset_vec                             0        0        4         0
                ivt0x8                                8        8       B2         0
                text6                               14E      14E       7E         0
                text5                               348      348       18         0
                text4                               29C      29C       4A         0
                text3                                BE       BE       90         0
                text2                               23C      23C       60         0
                text1                               1CC      1CC       70         0
                text0                               326      326       22         0
                cinit                               2E6      2E6       40         0
                idataCOMRAM                         360      360        C         0

        CLASS   CONST          

        CLASS   SMALLCONST     

        CLASS   MEDIUMCONST    

        CLASS   COMRAM         
                cstackCOMRAM                        525      525        C         1
                dataCOMRAM                          519      519        C         1
                bssCOMRAM                           501      501       18         1

        CLASS   ABS1           

        CLASS   BIGRAM         

        CLASS   RAM            

        CLASS   BANK5          

        CLASS   BANK6          

        CLASS   BANK7          

        CLASS   BANK8          

        CLASS   BANK9          

        CLASS   BANK10         

        CLASS   BANK11         

        CLASS   BANK12         

        CLASS   SFR            

        CLASS   BIGSFR         

        CLASS   CONFIG         

        CLASS   IDLOC          

        CLASS   EEDATA         

        CLASS   FARRAM         

        CLASS   HEAP           

        CLASS   STACK          



SEGMENTS        Name                           Load    Length   Top    Selector   Space  Class

                reset_vec                      000000  000004  000004         0       0  CODE    
                ivt0x8                         000008  000364  00036C         4       0  CODE    
                bssCOMRAM                      000501  000030  000531       501       1  COMRAM  


UNUSED ADDRESS RANGES

        Name                Unused          Largest block    Delta
        BANK10           A00-AFF           100
        BANK11           B00-BFF           100
        BANK12           C00-CFF           100
        BANK5            560-5FF            A0
        BANK6            600-6FF           100
        BANK7            700-7FF           100
        BANK8            800-8FF           100
        BANK9            900-9FF           100
        BIGRAM           531-CFF           7CF
        BIGSFR           000-4FF           500
                         D00-DFF           100
        CODE             004-007             4
                         36C-7FFF          7C94
        COMRAM           531-55F            2F
        CONFIG           300000-300011            12
        CONST            004-007             4
                         36C-7FFF          7C94
        EEDATA           380000-3801FF           200
        IDLOC            200000-20003F            40
        MEDIUMCONST      E00-7FFF          7200
        RAM              560-CFF           100
        SFR              000-4FF           100
                         D00-DFF           100
        SMALLCONST       E00-7FFF           100

                                  Symbol Table

?_ADCread                cstackCOMRAM 527
ADCread@channel          cstackCOMRAM 527
ADCread@result           cstackCOMRAM 52B
ADCread@resultHigh       cstackCOMRAM 529
ADCread@resultLow        cstackCOMRAM 52A
IVTBASEH                 (abs)        45E
IVTBASEL                 (abs)        45D
IVTBASEU                 (abs)        45F
_ADACQ                   (abs)        3EE
_ADCON0bits              (abs)        3F3
_ADCread                 text2        23C
_ADCsetup                text4        29C
_ADPCH                   (abs)        3EC
_ADREFbits               (abs)        3F8
_ADRESH                  (abs)        3EB
_ADRESL                  (abs)        3EA
_ANSELA                  (abs)        400
_ANSELB                  (abs)        408
_ANSELC                  (abs)        410
_ANSELCbits              (abs)        410
_FVRCONbits              (abs)        3D7
_I2C1ADR0                (abs)        290
_I2C1ADR1                (abs)        291
_I2C1BAUD                (abs)        29D
_I2C1BTOC                (abs)        29F
_I2C1BTObits             (abs)        29C
_I2C1CLK                 (abs)        29E
_I2C1CNTL                (abs)        28C
_I2C1CON0bits            (abs)        294
_I2C1CON1bits            (abs)        295
_I2C1CON2bits            (abs)        296
_I2C1PIEbits             (abs)        29B
_I2C1PIR                 (abs)        29A
_I2C1PIRbits             (abs)        29A
_I2C1SCLPPS              (abs)        271
_I2C1SDAPPS              (abs)        270
_I2C1STAT0bits           (abs)        298
_I2C1STAT1bits           (abs)        299
_I2C1TXB                 (abs)        28B
_INTCON0bits             (abs)        4D6
_IPR7bits                (abs)        36E
_ISR                     text5        348
_ODCONCbits              (abs)        412
_OSCCON1bits             (abs)        0AD
_OSCFREQ                 (abs)        0B1
_PIE7bits                (abs)        4AF
_PIR7bits                (abs)        4BA
_RC0PPS                  (abs)        211
_RC1PPS                  (abs)        212
_TRISA                   (abs)        4C6
_TRISB                   (abs)        4C7
_TRISC                   (abs)        4C8
_TRISCbits               (abs)        4C8
__HRAM                   (abs)        000
__H__absolute__          __absolute__ 000
__Habs1                  abs1         000
__Hbank10                bank10       000
__Hbank11                bank11       000
__Hbank12                bank12       000
__Hbank5                 bank5        000
__Hbank6                 bank6        000
__Hbank7                 bank7        000
__Hbank8                 bank8        000
__Hbank9                 bank9        000
__Hbigbss                bigbss       000
__Hbigdata               bigdata      000
__Hbigram                bigram       000
__Hbigsfr                bigsfr       000
__Hbss                   bss          000
__HbssCOMRAM             bssCOMRAM    000
__Hcinit                 cinit        000
__Hclrtext               clrtext      000
__Hcomram                comram       000
__Hconfig                config       000
__Hconst                 const        000
__HcstackCOMRAM          cstackCOMRAM 000
__Hdata                  data         000
__HdataCOMRAM            dataCOMRAM   000
__Heeprom_data           eeprom_data  000
__Hfarbss                farbss       000
__Hfardata               fardata      000
__Hheap                  heap         000
__Hibigdata              ibigdata     000
__Hidata                 idata        000
__HidataCOMRAM           idataCOMRAM  000
__Hidloc                 idloc        000
__Hifardata              ifardata     000
__Hinit                  init         0BE
__Hintsave_regs          intsave_regs 000
__Hirdata                irdata       000
__Hivt0x8                ivt0x8       0BA
__Hmediumconst           mediumconst  000
__HnvFARRAM              nvFARRAM     000
__Hnvbit                 nvbit        000
__Hnvrram                nvrram       000
__Hparam                 rparam       000
__Hpowerup               powerup      000
__Hram                   ram          000
__Hramtop                ramtop       E00
__Hrbit                  rbit         000
__Hrbss                  rbss         000
__Hrdata                 rdata        000
__Hreset_vec             reset_vec    004
__Hrparam                rparam       000
__Hsfr                   sfr          000
__Hsmallconst            smallconst   000
__Hspace_0               (abs)        E00
__Hspace_1               (abs)        531
__Hspace_2               (abs)        000
__Hspace_4               (abs)        000
__Hstack                 stack        000
__Hstruct                struct       000
__Htemp                  temp         000
__Htext                  text         000
__Htext0                 text0        000
__Htext1                 text1        000
__Htext2                 text2        000
__Htext3                 text3        000
__Htext4                 text4        000
__Htext5                 text5        000
__Htext6                 text6        000
__LRAM                   (abs)        001
__L__absolute__          __absolute__ 000
__Labs1                  abs1         000
__Lbank10                bank10       000
__Lbank11                bank11       000
__Lbank12                bank12       000
__Lbank5                 bank5        000
__Lbank6                 bank6        000
__Lbank7                 bank7        000
__Lbank8                 bank8        000
__Lbank9                 bank9        000
__Lbigbss                bigbss       000
__Lbigdata               bigdata      000
__Lbigram                bigram       000
__Lbigsfr                bigsfr       000
__Lbss                   bss          000
__LbssCOMRAM             bssCOMRAM    000
__Lcinit                 cinit        000
__Lclrtext               clrtext      000
__Lcomram                comram       000
__Lconfig                config       000
__Lconst                 const        000
__LcstackCOMRAM          cstackCOMRAM 000
__Ldata                  data         000
__LdataCOMRAM            dataCOMRAM   000
__Leeprom_data           eeprom_data  000
__Lfarbss                farbss       000
__Lfardata               fardata      000
__Lheap                  heap         000
__Libigdata              ibigdata     000
__Lidata                 idata        000
__LidataCOMRAM           idataCOMRAM  000
__Lidloc                 idloc        000
__Lifardata              ifardata     000
__Linit                  init         0BA
__Lintsave_regs          intsave_regs 000
__Lirdata                irdata       000
__Livt0x8                ivt0x8       008
__Lmediumconst           mediumconst  000
__LnvFARRAM              nvFARRAM     000
__Lnvbit                 nvbit        000
__Lnvrram                nvrram       000
__Lparam                 rparam       000
__Lpowerup               powerup      000
__Lram                   ram          000
__Lramtop                ramtop       E00
__Lrbit                  rbit         000
__Lrbss                  rbss         000
__Lrdata                 rdata        000
__Lreset_vec             reset_vec    000
__Lrparam                rparam       000
__Lsfr                   sfr          000
__Lsmallconst            smallconst   000
__Lspace_0               (abs)        000
__Lspace_1               (abs)        000
__Lspace_2               (abs)        000
__Lspace_4               (abs)        000
__Lstack                 stack        000
__Lstruct                struct       000
__Ltemp                  temp         000
__Ltext                  text         000
__Ltext0                 text0        000
__Ltext1                 text1        000
__Ltext2                 text2        000
__Ltext3                 text3        000
__Ltext4                 text4        000
__Ltext5                 text5        000
__Ltext6                 text6        000
__S0                     (abs)        36C
__S1                     (abs)        531
__S4                     (abs)        000
__S5                     (abs)        000
___heap_hi               (abs)        000
___heap_lo               (abs)        000
___inthi_sp              stack        000
___intlo_sp              stack        000
___param_bank            (abs)        000
___rparam_used           (abs)        001
___sp                    stack        000
__accesstop              (abs)        560
__activetblptr           (abs)        000
__end_of_ADCread         text2        29C
__end_of_ADCsetup        text4        2E6
__end_of_ISR             text5        360
__end_of__initialization cinit        320
__end_of_configI2C       text3        14E
__end_of_i2cStart        text6        1CC
__end_of_loop            text1        23C
__end_of_main            text0        348
__initialization         cinit        2E6
__mediumconst            mediumconst  000
__pbssCOMRAM             bssCOMRAM    501
__pcinit                 cinit        2E6
__pcstackCOMRAM          cstackCOMRAM 525
__pdataCOMRAM            dataCOMRAM   519
__pidataCOMRAM           idataCOMRAM  360
__pivt0x8                ivt0x8       008
__ptext0                 text0        326
__ptext1                 text1        1CC
__ptext2                 text2        23C
__ptext3                 text3        0BE
__ptext4                 text4        29C
__ptext5                 text5        348
__ptext6                 text6        14E
__ramtop                 ramtop       E00
__smallconst             smallconst   000
_channel_map             dataCOMRAM   519
_configI2C               text3        0BE
_data                    bssCOMRAM    501
_i2cStart                text6        14E
_loop                    text1        1CC
_main                    text0        326
end_of_initialization    cinit        320
i2cStart@i               cstackCOMRAM 525
intlevel0                text         000
intlevel1                text         000
intlevel2                text         000
intlevel3                text         000
isa$std                  (abs)        001
isa$xinst                (abs)        000
ivt0x8_base              ivt0x8       008
ivt0x8_undefint          ivt0x8       0B8
loop@i                   cstackCOMRAM 52F
loop@temp                cstackCOMRAM 52D
stackhi                  (abs)        000
stacklo                  (abs)        000
start                    init         0BA
start_initialization     cinit        2E6


MODULE INFORMATION

Module		Function		Class		Link	Load	Size
shared
		__initialization		CODE           	02E6	0000	58

shared estimated size: 58

main.c
		_loop          		CODE           	01CC	0000	112
		_ISR           		CODE           	0348	0000	24
		_main          		CODE           	0326	0000	34
		_i2cStart      		CODE           	014E	0000	126
		_ADCread       		CODE           	023C	0000	96
		_configI2C     		CODE           	00BE	0000	144
		_ADCsetup      		CODE           	029C	0000	74

main.c estimated size: 610

