Microchip MPLAB XC8 Compiler V2.41

Linker command line:

-W-3 \
  --edf=C:/Users/damie/.mchp_packs/Microchip/PIC18F-Q_DFP/1.19.401/xc8\pic\dat\20230621192048_en.msgs \
  -cn -h+dist/default/debug\UART.X.debug.sym \
  --cmf=dist/default/debug\UART.X.debug.cmf -z -Q18F15Q40 \
  -oC:\Users\damie\AppData\Local\Temp\xcAs438.\driver_tmp_3.o \
  --defsym=__MPLAB_BUILD=1 --fixupoverflow=error \
  -Mdist/default/debug/UART.X.debug.map \
  --md=C:\Users\damie\AppData\Local\Temp\xcAs438.\driver_tmp_0.dat -E1 \
  -ver=XC8 Compiler --acfsm=1493 -ACODE=00h-07FFFh -ACONST=00h-07FFFh \
  -ASMALLCONST=0E00h-0EFFhx114 -AMEDIUMCONST=0E00h-07FFFh \
  -ACOMRAM=0501h-055Fh -AABS1=0500h-0CFFh -ABIGRAM=0501h-0CFFh \
  -ARAM=0560h-05FFh,0600h-06FFhx7 -ABANK5=0560h-05FFh -ABANK6=0600h-06FFh \
  -ABANK7=0700h-07FFh -ABANK8=0800h-08FFh -ABANK9=0900h-09FFh \
  -ABANK10=0A00h-0AFFh -ABANK11=0B00h-0BFFh -ABANK12=0C00h-0CFFh \
  -ASFR=00h-0FFhx4,0400h-045Fh,0460h-04FFh,0D00h-0DFFh \
  -ABIGSFR=00h-04FFh,0D00h-0DFFh -ACONFIG=0300000h-0300011h \
  -AIDLOC=0200000h-020003Fh -AEEDATA=0380000h-03801FFh -peeprom_data=EEDATA \
  -preset_vec=00h -ppowerup=CODE,init -pramtop=0E00h \
  -psmallconst=SMALLCONST -pmediumconst=MEDIUMCONST -pconst=CONST \
  -AFARRAM=00h-00h \
  -prdata=COMRAM,nvrram=COMRAM,nvbit=COMRAM,rbss=COMRAM,rbit=COMRAM \
  -pfarbss=FARRAM,fardata=FARRAM,nvFARRAM=FARRAM \
  -pintsave_regs=BIGRAM,bigbss=BIGRAM,bigdata=BIGRAM -pbss=RAM \
  -pidata=CODE,irdata=CODE,ibigdata=CODE,ifardata=CODE -prparam=COMRAM \
  C:\Users\damie\AppData\Local\Temp\xcAs438.\driver_tmp_9.o \
  dist/default/debug\UART.X.debug.o 

Object code version is 3.11

Machine type is 18F15Q40



                Name                               Link     Load   Length Selector   Space Scale
C:\Users\damie\AppData\Local\Temp\xcAs438.\driver_tmp_9.o
                init                               7FFC     7FFC        4     3FFE       0
                reset_vec                             0        0        4        0       0
dist/default/debug\UART.X.debug.o
                mediumconst                        7EFA     7EFA      102     3F7D       0
                text3                              7EB2     7EB2       48     3F59       0
                text2                              7E14     7E14       28     3F0A       0
                text1                              7E72     7E72       40     3F39       0
                text0                              7E04     7E04       10     3F02       0
                cstackCOMRAM                        50B      50B        A      501       1
                dataCOMRAM                          515      515        6      501       1
                bssCOMRAM                           501      501        A      501       1
                cinit                              7E3C     7E3C       36     3F1E       0
                idataCOMRAM                        7DFE     7DFE        6     7DFE       0

TOTAL           Name                               Link     Load   Length     Space
        CLASS   CODE           
                init                               7FFC     7FFC        4         0
                reset_vec                             0        0        4         0
                text3                              7EB2     7EB2       48         0
                text2                              7E14     7E14       28         0
                text1                              7E72     7E72       40         0
                text0                              7E04     7E04       10         0
                cinit                              7E3C     7E3C       36         0
                idataCOMRAM                        7DFE     7DFE        6         0

        CLASS   CONST          

        CLASS   SMALLCONST     

        CLASS   MEDIUMCONST    
                mediumconst                        7EFA     7EFA      102         0

        CLASS   COMRAM         
                cstackCOMRAM                        50B      50B        A         1
                dataCOMRAM                          515      515        6         1
                bssCOMRAM                           501      501        A         1

        CLASS   ABS1           

        CLASS   BIGRAM         

        CLASS   RAM            

        CLASS   BANK5          

        CLASS   BANK6          

        CLASS   BANK7          

        CLASS   BANK8          

        CLASS   BANK9          

        CLASS   BANK10         

        CLASS   BANK11         

        CLASS   BANK12         

        CLASS   SFR            

        CLASS   BIGSFR         

        CLASS   CONFIG         

        CLASS   IDLOC          

        CLASS   EEDATA         

        CLASS   FARRAM         

        CLASS   HEAP           

        CLASS   STACK          



SEGMENTS        Name                           Load    Length   Top    Selector   Space  Class

                reset_vec                      000000  000004  000004         0       0  CODE    
                bssCOMRAM                      000501  00001A  00051B       501       1  COMRAM  
                idataCOMRAM                    007DFE  000006  007E04      7DFE       0  CODE    
                text0                          007E04  000010  007E14      3F02       0  CODE    
                text2                          007E14  000028  007E3C      3F0A       0  CODE    
                cinit                          007E3C  000036  007E72      3F1E       0  CODE    
                text1                          007E72  000040  007EB2      3F39       0  CODE    
                text3                          007EB2  000048  007EFA      3F59       0  CODE    
                mediumconst                    007EFA  000102  007FFC      3F7D       0  MEDIUMCO
                init                           007FFC  000004  008000      3FFE       0  CODE    


UNUSED ADDRESS RANGES

        Name                Unused          Largest block    Delta
        BANK10           0A00-0AFF            100
        BANK11           0B00-0BFF            100
        BANK12           0C00-0CFF            100
        BANK5            0560-05FF             A0
        BANK6            0600-06FF            100
        BANK7            0700-07FF            100
        BANK8            0800-08FF            100
        BANK9            0900-09FF            100
        BIGRAM           051B-0CFF            7E5
        BIGSFR           0000-04FF            500
                         0D00-0DFF            100
        CODE             0004-7DFD           7DFA
        COMRAM           051B-055F             45
        CONFIG           300000-300011             12
        CONST            0004-7DFD           7DFA
        EEDATA           380000-3801FF            200
        IDLOC            200000-20003F             40
        MEDIUMCONST      0E00-7DFD           6FFE
        RAM              0560-0CFF            100
        SFR              0000-04FF            100
                         0D00-0DFF            100
        SMALLCONST       0E00-7DFD            100

                                  Symbol Table

TX@data                    cstackCOMRAM 050D
TX@timeout                 cstackCOMRAM 050B
_OSCCON1bits               (abs)        00AD
_OSCFREQ                   (abs)        00B1
_RC0PPS                    (abs)        0211
_RC1                       (abs)        2681
_TRISCbits                 (abs)        04C8
_TX                        text3        7EB2
_U1BRGH                    (abs)        02AF
_U1BRGL                    (abs)        02AE
_U1CON0bits                (abs)        02AB
_U1CON1bits                (abs)        02AC
_U1CON2bits                (abs)        02AD
_U1FIFObits                (abs)        02B0
_U1RXPPS                   (abs)        0272
_U1TXB                     (abs)        02A3
__HRAM                     (abs)        0000
__H__absolute__            __absolute__ 0000
__Habs1                    abs1         0000
__Hbank10                  bank10       0000
__Hbank11                  bank11       0000
__Hbank12                  bank12       0000
__Hbank5                   bank5        0000
__Hbank6                   bank6        0000
__Hbank7                   bank7        0000
__Hbank8                   bank8        0000
__Hbank9                   bank9        0000
__Hbigbss                  bigbss       0000
__Hbigdata                 bigdata      0000
__Hbigram                  bigram       0000
__Hbigsfr                  bigsfr       0000
__Hbss                     bss          0000
__HbssCOMRAM               bssCOMRAM    0000
__Hcinit                   cinit        0000
__Hclrtext                 clrtext      0000
__Hcomram                  comram       0000
__Hconfig                  config       0000
__Hconst                   const        0000
__HcstackCOMRAM            cstackCOMRAM 0000
__Hdata                    data         0000
__HdataCOMRAM              dataCOMRAM   0000
__Heeprom_data             eeprom_data  0000
__Hfarbss                  farbss       0000
__Hfardata                 fardata      0000
__Hheap                    heap         0000
__Hibigdata                ibigdata     0000
__Hidata                   idata        0000
__HidataCOMRAM             idataCOMRAM  0000
__Hidloc                   idloc        0000
__Hifardata                ifardata     0000
__Hinit                    init         8000
__Hintsave_regs            intsave_regs 0000
__Hirdata                  irdata       0000
__Hmediumconst             mediumconst  7FFC
__HnvFARRAM                nvFARRAM     0000
__Hnvbit                   nvbit        0000
__Hnvrram                  nvrram       0000
__Hparam                   rparam       0000
__Hpowerup                 powerup      0000
__Hram                     ram          0000
__Hramtop                  ramtop       0E00
__Hrbit                    rbit         0000
__Hrbss                    rbss         0000
__Hrdata                   rdata        0000
__Hreset_vec               reset_vec    0004
__Hrparam                  rparam       0000
__Hsfr                     sfr          0000
__Hsmallconst              smallconst   0000
__Hspace_0                 (abs)        8000
__Hspace_1                 (abs)        051B
__Hspace_2                 (abs)        0000
__Hspace_4                 (abs)        0000
__Hstack                   stack        0000
__Hstruct                  struct       0000
__Htemp                    temp         0000
__Htext                    text         0000
__Htext0                   text0        0000
__Htext1                   text1        0000
__Htext2                   text2        0000
__Htext3                   text3        0000
__LRAM                     (abs)        0001
__L__absolute__            __absolute__ 0000
__Labs1                    abs1         0000
__Lbank10                  bank10       0000
__Lbank11                  bank11       0000
__Lbank12                  bank12       0000
__Lbank5                   bank5        0000
__Lbank6                   bank6        0000
__Lbank7                   bank7        0000
__Lbank8                   bank8        0000
__Lbank9                   bank9        0000
__Lbigbss                  bigbss       0000
__Lbigdata                 bigdata      0000
__Lbigram                  bigram       0000
__Lbigsfr                  bigsfr       0000
__Lbss                     bss          0000
__LbssCOMRAM               bssCOMRAM    0000
__Lcinit                   cinit        0000
__Lclrtext                 clrtext      0000
__Lcomram                  comram       0000
__Lconfig                  config       0000
__Lconst                   const        0000
__LcstackCOMRAM            cstackCOMRAM 0000
__Ldata                    data         0000
__LdataCOMRAM              dataCOMRAM   0000
__Leeprom_data             eeprom_data  0000
__Lfarbss                  farbss       0000
__Lfardata                 fardata      0000
__Lheap                    heap         0000
__Libigdata                ibigdata     0000
__Lidata                   idata        0000
__LidataCOMRAM             idataCOMRAM  0000
__Lidloc                   idloc        0000
__Lifardata                ifardata     0000
__Linit                    init         7FFC
__Lintsave_regs            intsave_regs 0000
__Lirdata                  irdata       0000
__Lmediumconst             mediumconst  7EFA
__LnvFARRAM                nvFARRAM     0000
__Lnvbit                   nvbit        0000
__Lnvrram                  nvrram       0000
__Lparam                   rparam       0000
__Lpowerup                 powerup      0000
__Lram                     ram          0000
__Lramtop                  ramtop       0E00
__Lrbit                    rbit         0000
__Lrbss                    rbss         0000
__Lrdata                   rdata        0000
__Lreset_vec               reset_vec    0000
__Lrparam                  rparam       0000
__Lsfr                     sfr          0000
__Lsmallconst              smallconst   0000
__Lspace_0                 (abs)        0000
__Lspace_1                 (abs)        0000
__Lspace_2                 (abs)        0000
__Lspace_4                 (abs)        0000
__Lstack                   stack        0000
__Lstruct                  struct       0000
__Ltemp                    temp         0000
__Ltext                    text         0000
__Ltext0                   text0        0000
__Ltext1                   text1        0000
__Ltext2                   text2        0000
__Ltext3                   text3        0000
__S0                       (abs)        8000
__S1                       (abs)        051B
__S4                       (abs)        0000
__S5                       (abs)        0000
___heap_hi                 (abs)        0000
___heap_lo                 (abs)        0000
___inthi_sp                stack        0000
___intlo_sp                stack        0000
___param_bank              (abs)        0000
___rparam_used             (abs)        0001
___sp                      stack        0000
__accesstop                (abs)        0560
__activetblptr             (abs)        0002
__end_of_TX                text3        7EFA
__end_of__initialization   cinit        7E68
__end_of_loop              text2        7E3C
__end_of_main              text0        7E14
__end_of_setup             text1        7EB2
__end_ofreverse_byte@table mediumconst  7FFB
__initialization           cinit        7E3C
__mediumconst              mediumconst  7EFA
__pbssCOMRAM               bssCOMRAM    0501
__pcinit                   cinit        7E3C
__pcstackCOMRAM            cstackCOMRAM 050B
__pdataCOMRAM              dataCOMRAM   0515
__pidataCOMRAM             idataCOMRAM  7DFE
__pmediumconst             mediumconst  7EFA
__ptext0                   text0        7E04
__ptext1                   text1        7E72
__ptext2                   text2        7E14
__ptext3                   text3        7EB2
__ramtop                   ramtop       0E00
__smallconst               smallconst   0000
_count                     bssCOMRAM    0509
_loop                      text2        7E14
_main                      text0        7E04
_receive                   bssCOMRAM    0501
_setup                     text1        7E72
end_of_initialization      cinit        7E68
intlevel0                  text         0000
intlevel1                  text         0000
intlevel2                  text         0000
intlevel3                  text         0000
isa$std                    (abs)        0001
isa$xinst                  (abs)        0000
loop@F13025                dataCOMRAM   0515
loop@msg                   cstackCOMRAM 050F
stackhi                    (abs)        0000
stacklo                    (abs)        0000
start                      init         7FFC
start_initialization       cinit        7E3C


MODULE INFORMATION

Module		Function		Class		Link	Load	Size
shared
		reverse_byte@table		MEDIUMCONST    	0000	0000	0
		__initialization		CODE           	7E3C	0000	44

shared estimated size: 44

main.c
		_loop          		CODE           	7E14	0000	40
		_main          		CODE           	7E04	0000	16
		_setup         		CODE           	7E72	0000	64
		_TX            		CODE           	7EB2	0000	72

main.c estimated size: 192

